Archive member included because of file (symbol)

c:/nxp/lpcxpresso_7.5.0_254/lpcxpresso/tools/bin/../lib/gcc/arm-none-eabi/4.8.4/armv7e-m/softfp\libgcc.a(_aeabi_uldivmod.o)
                              ./dmix_lpc/lpc_chip_43xx/src/i2s_18xx_43xx.o (__aeabi_uldivmod)
c:/nxp/lpcxpresso_7.5.0_254/lpcxpresso/tools/bin/../lib/gcc/arm-none-eabi/4.8.4/armv7e-m/softfp\libgcc.a(bpabi.o)
                              c:/nxp/lpcxpresso_7.5.0_254/lpcxpresso/tools/bin/../lib/gcc/arm-none-eabi/4.8.4/armv7e-m/softfp\libgcc.a(_aeabi_uldivmod.o) (__gnu_uldivmod_helper)
c:/nxp/lpcxpresso_7.5.0_254/lpcxpresso/tools/bin/../lib/gcc/arm-none-eabi/4.8.4/armv7e-m/softfp\libgcc.a(_dvmd_tls.o)
                              c:/nxp/lpcxpresso_7.5.0_254/lpcxpresso/tools/bin/../lib/gcc/arm-none-eabi/4.8.4/armv7e-m/softfp\libgcc.a(_aeabi_uldivmod.o) (__aeabi_ldiv0)
c:/nxp/lpcxpresso_7.5.0_254/lpcxpresso/tools/bin/../lib/gcc/arm-none-eabi/4.8.4/armv7e-m/softfp\libgcc.a(_divdi3.o)
                              c:/nxp/lpcxpresso_7.5.0_254/lpcxpresso/tools/bin/../lib/gcc/arm-none-eabi/4.8.4/armv7e-m/softfp\libgcc.a(bpabi.o) (__divdi3)
c:/nxp/lpcxpresso_7.5.0_254/lpcxpresso/tools/bin/../lib/gcc/arm-none-eabi/4.8.4/armv7e-m/softfp\libgcc.a(_udivdi3.o)
                              c:/nxp/lpcxpresso_7.5.0_254/lpcxpresso/tools/bin/../lib/gcc/arm-none-eabi/4.8.4/armv7e-m/softfp\libgcc.a(bpabi.o) (__udivdi3)
c:/nxp/lpcxpresso_7.5.0_254/lpcxpresso/tools/bin/../lib/gcc/arm-none-eabi/4.8.4/../../../../arm-none-eabi/lib/armv7e-m/softfp\libc.a(lib_a-init.o)
                              ./dmix_lpc/cr_startup_lpc43xx.o (__libc_init_array)
c:/nxp/lpcxpresso_7.5.0_254/lpcxpresso/tools/bin/../lib/gcc/arm-none-eabi/4.8.4/../../../../arm-none-eabi/lib/armv7e-m/softfp\libc.a(lib_a-malloc.o)
                              ./dmix_lpc/cr_cpp_config.o (malloc)
c:/nxp/lpcxpresso_7.5.0_254/lpcxpresso/tools/bin/../lib/gcc/arm-none-eabi/4.8.4/../../../../arm-none-eabi/lib/armv7e-m/softfp\libc.a(lib_a-mallocr.o)
                              c:/nxp/lpcxpresso_7.5.0_254/lpcxpresso/tools/bin/../lib/gcc/arm-none-eabi/4.8.4/../../../../arm-none-eabi/lib/armv7e-m/softfp\libc.a(lib_a-malloc.o) (_malloc_r)
c:/nxp/lpcxpresso_7.5.0_254/lpcxpresso/tools/bin/../lib/gcc/arm-none-eabi/4.8.4/../../../../arm-none-eabi/lib/armv7e-m/softfp\libc.a(lib_a-memcpy.o)
                              ./dmix_lpc/lpc_chip_43xx/src/ring_buffer.o (memcpy)
c:/nxp/lpcxpresso_7.5.0_254/lpcxpresso/tools/bin/../lib/gcc/arm-none-eabi/4.8.4/../../../../arm-none-eabi/lib/armv7e-m/softfp\libc.a(lib_a-memset.o)
                              ./dmix_lpc/libusbdev.o (memset)
c:/nxp/lpcxpresso_7.5.0_254/lpcxpresso/tools/bin/../lib/gcc/arm-none-eabi/4.8.4/../../../../arm-none-eabi/lib/armv7e-m/softfp\libc.a(lib_a-mlock.o)
                              c:/nxp/lpcxpresso_7.5.0_254/lpcxpresso/tools/bin/../lib/gcc/arm-none-eabi/4.8.4/../../../../arm-none-eabi/lib/armv7e-m/softfp\libc.a(lib_a-mallocr.o) (__malloc_lock)
c:/nxp/lpcxpresso_7.5.0_254/lpcxpresso/tools/bin/../lib/gcc/arm-none-eabi/4.8.4/../../../../arm-none-eabi/lib/armv7e-m/softfp\libc.a(lib_a-sbrkr.o)
                              c:/nxp/lpcxpresso_7.5.0_254/lpcxpresso/tools/bin/../lib/gcc/arm-none-eabi/4.8.4/../../../../arm-none-eabi/lib/armv7e-m/softfp\libc.a(lib_a-mallocr.o) (_sbrk_r)
c:/nxp/lpcxpresso_7.5.0_254/lpcxpresso/tools/bin/../lib/gcc/arm-none-eabi/4.8.4/../../../../arm-none-eabi/lib/armv7e-m/softfp\libc.a(lib_a-freer.o)
                              c:/nxp/lpcxpresso_7.5.0_254/lpcxpresso/tools/bin/../lib/gcc/arm-none-eabi/4.8.4/../../../../arm-none-eabi/lib/armv7e-m/softfp\libc.a(lib_a-malloc.o) (_free_r)
c:/nxp/lpcxpresso_7.5.0_254/lpcxpresso/tools/bin/../lib/gcc/arm-none-eabi/4.8.4/../../../../arm-none-eabi/lib/armv7e-m/softfp\libc.a(lib_a-impure.o)
                              c:/nxp/lpcxpresso_7.5.0_254/lpcxpresso/tools/bin/../lib/gcc/arm-none-eabi/4.8.4/../../../../arm-none-eabi/lib/armv7e-m/softfp\libc.a(lib_a-malloc.o) (_impure_ptr)
c:/nxp/lpcxpresso_7.5.0_254/lpcxpresso/tools/bin/../lib/gcc/arm-none-eabi/4.8.4/../../../../arm-none-eabi/lib/armv7e-m/softfp\libc.a(lib_a-reent.o)
                              c:/nxp/lpcxpresso_7.5.0_254/lpcxpresso/tools/bin/../lib/gcc/arm-none-eabi/4.8.4/../../../../arm-none-eabi/lib/armv7e-m/softfp\libc.a(lib_a-sbrkr.o) (errno)
c:/nxp/lpcxpresso_7.5.0_254/lpcxpresso/tools/bin/../lib/gcc/arm-none-eabi/4.8.4/../../../../arm-none-eabi/lib/armv7e-m/softfp\libcr_newlib_nohost.a(_cr_sbrk.o)
                              c:/nxp/lpcxpresso_7.5.0_254/lpcxpresso/tools/bin/../lib/gcc/arm-none-eabi/4.8.4/../../../../arm-none-eabi/lib/armv7e-m/softfp\libc.a(lib_a-sbrkr.o) (_sbrk)
c:/nxp/lpcxpresso_7.5.0_254/lpcxpresso/tools/bin/../lib/gcc/arm-none-eabi/4.8.4/../../../../arm-none-eabi/lib/armv7e-m/softfp\libcr_newlib_nohost.a(_cr_check_heap.o)
[...]
Memory Configuration

Name             Origin             Length             Attributes
Flash_1MB        0x14000000         0x00100000         xr
RamLoc128        0x10000000         0x00020000         xrw
RamLoc72         0x10080000         0x00012000         xrw
RamM0Sub16       0x18000000         0x00004000         xrw
RamM0Sub2        0x18004000         0x00000800         xrw
*default*        0x00000000         0xffffffff

Linker script and memory map

LOAD ./dmix_lpc/lpc_chip_43xx/src/adc_18xx_43xx.o
LOAD ./dmix_lpc/lpc_chip_43xx/src/aes_18xx_43xx.o
LOAD ./dmix_lpc/lpc_chip_43xx/src/atimer_18xx_43xx.o
LOAD ./dmix_lpc/lpc_chip_43xx/src/ccan_18xx_43xx.o
LOAD ./dmix_lpc/lpc_chip_43xx/src/chip_18xx_43xx.o
LOAD ./dmix_lpc/lpc_chip_43xx/src/clock_18xx_43xx.o
LOAD ./dmix_lpc/lpc_chip_43xx/src/dac_18xx_43xx.o
LOAD ./dmix_lpc/lpc_chip_43xx/src/eeprom_18xx_43xx.o
LOAD ./dmix_lpc/lpc_chip_43xx/src/emc_18xx_43xx.o
LOAD ./dmix_lpc/lpc_chip_43xx/src/enet_18xx_43xx.o
LOAD ./dmix_lpc/lpc_chip_43xx/src/evrt_18xx_43xx.o
LOAD ./dmix_lpc/lpc_chip_43xx/src/fpu_init.o
LOAD ./dmix_lpc/lpc_chip_43xx/src/gpdma_18xx_43xx.o
LOAD ./dmix_lpc/lpc_chip_43xx/src/gpio_18xx_43xx.o
LOAD ./dmix_lpc/lpc_chip_43xx/src/gpiogroup_18xx_43xx.o
LOAD ./dmix_lpc/lpc_chip_43xx/src/hsadc_18xx_43xx.o
LOAD ./dmix_lpc/lpc_chip_43xx/src/i2c_18xx_43xx.o
LOAD ./dmix_lpc/lpc_chip_43xx/src/i2cm_18xx_43xx.o
LOAD ./dmix_lpc/lpc_chip_43xx/src/i2s_18xx_43xx.o
LOAD ./dmix_lpc/lpc_chip_43xx/src/iap_18xx_43xx.o
LOAD ./dmix_lpc/lpc_chip_43xx/src/lcd_18xx_43xx.o
LOAD ./dmix_lpc/lpc_chip_43xx/src/otp_18xx_43xx.o
LOAD ./dmix_lpc/lpc_chip_43xx/src/pinint_18xx_43xx.o
LOAD ./dmix_lpc/lpc_chip_43xx/src/pmc_18xx_43xx.o
LOAD ./dmix_lpc/lpc_chip_43xx/src/rgu_18xx_43xx.o
LOAD ./dmix_lpc/lpc_chip_43xx/src/ring_buffer.o
LOAD ./dmix_lpc/lpc_chip_43xx/src/ritimer_18xx_43xx.o
LOAD ./dmix_lpc/lpc_chip_43xx/src/rtc_18xx_43xx.o
LOAD ./dmix_lpc/lpc_chip_43xx/src/sct_18xx_43xx.o
LOAD ./dmix_lpc/lpc_chip_43xx/src/sct_pwm_18xx_43xx.o
LOAD ./dmix_lpc/lpc_chip_43xx/src/scu_18xx_43xx.o
LOAD ./dmix_lpc/lpc_chip_43xx/src/sdif_18xx_43xx.o
LOAD ./dmix_lpc/lpc_chip_43xx/src/sdmmc_18xx_43xx.o
LOAD ./dmix_lpc/lpc_chip_43xx/src/spi_18xx_43xx.o
LOAD ./dmix_lpc/lpc_chip_43xx/src/ssp_18xx_43xx.o
LOAD ./dmix_lpc/lpc_chip_43xx/src/stopwatch_18xx_43xx.o
LOAD ./dmix_lpc/lpc_chip_43xx/src/sysinit_18xx_43xx.o
LOAD ./dmix_lpc/lpc_chip_43xx/src/timer_18xx_43xx.o
LOAD ./dmix_lpc/lpc_chip_43xx/src/uart_18xx_43xx.o
LOAD ./dmix_lpc/lpc_chip_43xx/src/wwdt_18xx_43xx.o
LOAD ./dmix_lpc/lpc_board_nxp_lpclink2_4370/src/board.o
LOAD ./dmix_lpc/lpc_board_nxp_lpclink2_4370/src/board_sysinit.o
LOAD ./dmix_lpc/cr_cpp_config.o
LOAD ./dmix_lpc/cr_startup_lpc43xx.o
LOAD ./dmix_lpc/crp.o
LOAD ./dmix_lpc/dmix_lpc.o
LOAD ./dmix_lpc/libusbdev.o
LOAD ./dmix_lpc/libusbdev_desc.o
LOAD ./dmix_lpc/sysinit.o
LOAD C:\Users\kouhei\Documents\LPCXpresso_7.5.0_254\workspace\CMSIS_DSPLIB_CM4\lib\libCMSIS_DSPLIB_CM4.a
START GROUP
LOAD c:/nxp/lpcxpresso_7.5.0_254/lpcxpresso/tools/bin/../lib/gcc/arm-none-eabi/4.8.4/armv7e-m/softfp\libgcc.a
LOAD c:/nxp/lpcxpresso_7.5.0_254/lpcxpresso/tools/bin/../lib/gcc/arm-none-eabi/4.8.4/../../../../arm-none-eabi/lib/armv7e-m/softfp\libc.a
LOAD c:/nxp/lpcxpresso_7.5.0_254/lpcxpresso/tools/bin/../lib/gcc/arm-none-eabi/4.8.4/../../../../arm-none-eabi/lib/armv7e-m/softfp\libstdc++.a
LOAD c:/nxp/lpcxpresso_7.5.0_254/lpcxpresso/tools/bin/../lib/gcc/arm-none-eabi/4.8.4/../../../../arm-none-eabi/lib/armv7e-m/softfp\libm.a
LOAD c:/nxp/lpcxpresso_7.5.0_254/lpcxpresso/tools/bin/../lib/gcc/arm-none-eabi/4.8.4/../../../../arm-none-eabi/lib/armv7e-m/softfp\libcr_newlib_nohost.a
LOAD c:/nxp/lpcxpresso_7.5.0_254/lpcxpresso/tools/bin/../lib/gcc/arm-none-eabi/4.8.4/armv7e-m/softfp\crti.o
LOAD c:/nxp/lpcxpresso_7.5.0_254/lpcxpresso/tools/bin/../lib/gcc/arm-none-eabi/4.8.4/armv7e-m/softfp\crtn.o
LOAD c:/nxp/lpcxpresso_7.5.0_254/lpcxpresso/tools/bin/../lib/gcc/arm-none-eabi/4.8.4/armv7e-m/softfp\crtbegin.o
LOAD c:/nxp/lpcxpresso_7.5.0_254/lpcxpresso/tools/bin/../lib/gcc/arm-none-eabi/4.8.4/armv7e-m/softfp\crtend.o
END GROUP
                0x14100000                __top_Flash_1MB = 0x14100000
                0x10020000                __top_RamLoc128 = 0x10020000
                0x10092000                __top_RamLoc72 = 0x10092000
                0x18004000                __top_RamM0Sub16 = 0x18004000
                0x18004800                __top_RamM0Sub2 = 0x18004800

.text           0x14000000     0x1fc8
 FILL mask 0xff
                0x14000000                __vectors_start__ = ABSOLUTE (.)
 *(.isr_vector)
 .isr_vector    0x14000000      0x114 ./dmix_lpc/cr_startup_lpc43xx.o
                0x14000000                g_pfnVectors
                0x14000114                . = ALIGN (0x4)
                0x14000114                __section_table_start = .
                0x14000114                __data_section_table = .
                0x14000114        0x4 LONG 0x14001fc8 LOADADDR (.data)
                0x14000118        0x4 LONG 0x10000000 ADDR (.data)
                0x1400011c        0x4 LONG 0x50 SIZEOF (.data)
                0x14000120        0x4 LONG 0x14001fc8 LOADADDR (.data_RAM2)
                0x14000124        0x4 LONG 0x10080000 ADDR (.data_RAM2)
                0x14000128        0x4 LONG 0x0 SIZEOF (.data_RAM2)
                0x1400012c        0x4 LONG 0x14001fc8 LOADADDR (.data_RAM3)
                0x14000130        0x4 LONG 0x18000000 ADDR (.data_RAM3)
                0x14000134        0x4 LONG 0x0 SIZEOF (.data_RAM3)
                0x14000138        0x4 LONG 0x14001fc8 LOADADDR (.data_RAM4)
                0x1400013c        0x4 LONG 0x18004000 ADDR (.data_RAM4)
                0x14000140        0x4 LONG 0x0 SIZEOF (.data_RAM4)
                0x14000144                __data_section_table_end = .
                0x14000144                __bss_section_table = .
                0x14000144        0x4 LONG 0x10000050 ADDR (.bss)
                0x14000148        0x4 LONG 0x105c SIZEOF (.bss)
                0x1400014c        0x4 LONG 0x10080000 ADDR (.bss_RAM2)
                0x14000150        0x4 LONG 0x0 SIZEOF (.bss_RAM2)
                0x14000154        0x4 LONG 0x18000000 ADDR (.bss_RAM3)
                0x14000158        0x4 LONG 0x0 SIZEOF (.bss_RAM3)
                0x1400015c        0x4 LONG 0x18004000 ADDR (.bss_RAM4)
                0x14000160        0x4 LONG 0x0 SIZEOF (.bss_RAM4)
                0x14000164                __bss_section_table_end = .
                0x14000164                __section_table_end = .
 *(.after_vectors*)
 .after_vectors
                0x14000164       0xcc ./dmix_lpc/cr_startup_lpc43xx.o
                0x14000164                data_init(unsigned int, unsigned int, unsigned int)
                0x140001a8                bss_init(unsigned int, unsigned int)
                0x140001e0                NMI_Handler
                0x140001e8                HardFault_Handler
                0x140001f0                MemManage_Handler
                0x140001f8                BusFault_Handler
                0x14000200                UsageFault_Handler
                0x14000208                SVC_Handler
                0x14000210                DebugMon_Handler
                0x14000218                PendSV_Handler
                0x14000220                SysTick_Handler
                0x14000228                I2C1_IRQHandler
                0x14000228                UART1_IRQHandler
                0x14000228                GPIO5_IRQHandler
                0x14000228                CAN1_IRQHandler
                0x14000228                SDIO_IRQHandler
                0x14000228                I2S0_IRQHandler
                0x14000228                TIMER3_IRQHandler
                0x14000228                UART0_IRQHandler
                0x14000228                SGPIO_IRQHandler
                0x14000228                ADC0_IRQHandler
                0x14000228                USB1_IRQHandler
                0x14000228                I2C0_IRQHandler
                0x14000228                IntDefaultHandler
                0x14000228                GPIO1_IRQHandler
                0x14000228                SSP0_IRQHandler
                0x14000228                ADC1_IRQHandler
                0x14000228                FLASHEEPROM_IRQHandler
                0x14000228                RTC_IRQHandler
                0x14000228                TIMER0_IRQHandler
                0x14000228                SPI_IRQHandler
                0x14000228                LCD_IRQHandler
                0x14000228                TIMER1_IRQHandler
                0x14000228                UART2_IRQHandler
                0x14000228                GPIO2_IRQHandler
                0x14000228                I2S1_IRQHandler
                0x14000228                SSP1_IRQHandler
                0x14000228                ADCHS_IRQHandler
                0x14000228                GPIO3_IRQHandler
                0x14000228                SCT_IRQHandler
                0x14000228                RIT_IRQHandler
                0x14000228                ATIMER_IRQHandler
                0x14000228                MX_CORE_IRQHandler
                0x14000228                WDT_IRQHandler
                0x14000228                GPIO6_IRQHandler
                0x14000228                GPIO7_IRQHandler
                0x14000228                SPIFI_IRQHandler
                0x14000228                QEI_IRQHandler
                0x14000228                ETH_IRQHandler
                0x14000228                CAN0_IRQHandler
                0x14000228                GINT0_IRQHandler
                0x14000228                DAC_IRQHandler
                0x14000228                M0SUB_IRQHandler
                0x14000228                GPIO0_IRQHandler
                0x14000228                DMA_IRQHandler
                0x14000228                EVRT_IRQHandler
                0x14000228                TIMER2_IRQHandler
                0x14000228                UART3_IRQHandler
                0x14000228                MCPWM_IRQHandler
                0x14000228                GINT1_IRQHandler
                0x14000228                GPIO4_IRQHandler
                0x000002fc                . = 0x2fc
 *fill*         0x14000230       0xcc ff
                0x140002fc                PROVIDE (__CRP_WORD_START__, .)
 *(.crp)
 .crp           0x140002fc        0x4 ./dmix_lpc/crp.o
                0x140002fc                CRP_WORD
                0x14000300                PROVIDE (__CRP_WORD_END__, .)
                0x00000001                ASSERT (! ((__CRP_WORD_START__ == __CRP_WORD_END__)), Linker CRP Enabled, but no CRP_WORD provided within application)
 *(.text*)
 .text.Chip_CREG_EnableUSB0Phy
                0x14000300       0x1c ./dmix_lpc/lpc_chip_43xx/src/chip_18xx_43xx.o
 .text.Chip_USB_PllSetup
                0x1400031c       0x40 ./dmix_lpc/lpc_chip_43xx/src/chip_18xx_43xx.o
 .text.Chip_USB0_Init
                0x1400035c       0x2c ./dmix_lpc/lpc_chip_43xx/src/chip_18xx_43xx.o
                0x1400035c                Chip_USB0_Init
 .text.SystemCoreClockUpdate
                0x14000388       0x18 ./dmix_lpc/lpc_chip_43xx/src/chip_18xx_43xx.o
                0x14000388                SystemCoreClockUpdate
 .text.Chip_Clock_TestMainPLLMultiplier
                0x140003a0       0x48 ./dmix_lpc/lpc_chip_43xx/src/clock_18xx_43xx.o
 .text.Chip_Clock_GetDivRate
                0x140003e8       0x40 ./dmix_lpc/lpc_chip_43xx/src/clock_18xx_43xx.o
 .text.Chip_Clock_FindBaseClock
                0x14000428       0x88 ./dmix_lpc/lpc_chip_43xx/src/clock_18xx_43xx.o
 .text.Chip_Clock_EnableCrystal
                0x140004b0       0x6c ./dmix_lpc/lpc_chip_43xx/src/clock_18xx_43xx.o
                0x140004b0                Chip_Clock_EnableCrystal
 .text.Chip_Clock_SetupMainPLLHz
                0x1400051c      0x128 ./dmix_lpc/lpc_chip_43xx/src/clock_18xx_43xx.o
                0x1400051c                Chip_Clock_SetupMainPLLHz
 .text.Chip_Clock_SetupMainPLLMult
                0x14000644       0xf8 ./dmix_lpc/lpc_chip_43xx/src/clock_18xx_43xx.o
                0x14000644                Chip_Clock_SetupMainPLLMult
 .text.Chip_Clock_GetMainPLLHz
                0x1400073c       0xc0 ./dmix_lpc/lpc_chip_43xx/src/clock_18xx_43xx.o
                0x1400073c                Chip_Clock_GetMainPLLHz
 .text.Chip_Clock_DisableMainPLL
                0x140007fc       0x1c ./dmix_lpc/lpc_chip_43xx/src/clock_18xx_43xx.o
                0x140007fc                Chip_Clock_DisableMainPLL
 .text.Chip_Clock_SetDivider
                0x14000818       0x84 ./dmix_lpc/lpc_chip_43xx/src/clock_18xx_43xx.o
                0x14000818                Chip_Clock_SetDivider
 .text.Chip_Clock_GetDividerSource
                0x1400089c       0x40 ./dmix_lpc/lpc_chip_43xx/src/clock_18xx_43xx.o
                0x1400089c                Chip_Clock_GetDividerSource
 .text.Chip_Clock_GetDividerDivisor
                0x140008dc       0x38 ./dmix_lpc/lpc_chip_43xx/src/clock_18xx_43xx.o
                0x140008dc                Chip_Clock_GetDividerDivisor
 .text.Chip_Clock_GetClockInputHz
                0x14000914      0x140 ./dmix_lpc/lpc_chip_43xx/src/clock_18xx_43xx.o
                0x14000914                Chip_Clock_GetClockInputHz
 .text.Chip_Clock_GetBaseClocktHz
                0x14000a54       0x24 ./dmix_lpc/lpc_chip_43xx/src/clock_18xx_43xx.o
                0x14000a54                Chip_Clock_GetBaseClocktHz
 .text.Chip_Clock_SetBaseClock
                0x14000a78       0x8c ./dmix_lpc/lpc_chip_43xx/src/clock_18xx_43xx.o
                0x14000a78                Chip_Clock_SetBaseClock
 .text.Chip_Clock_EnableBaseClock
                0x14000b04       0x3c ./dmix_lpc/lpc_chip_43xx/src/clock_18xx_43xx.o
                0x14000b04                Chip_Clock_EnableBaseClock
 .text.Chip_Clock_GetBaseClock
                0x14000b40       0x4c ./dmix_lpc/lpc_chip_43xx/src/clock_18xx_43xx.o
                0x14000b40                Chip_Clock_GetBaseClock
 .text.Chip_Clock_EnableOpts
                0x14000b8c       0x7c ./dmix_lpc/lpc_chip_43xx/src/clock_18xx_43xx.o
                0x14000b8c                Chip_Clock_EnableOpts
 .text.Chip_Clock_Enable
                0x14000c08       0x60 ./dmix_lpc/lpc_chip_43xx/src/clock_18xx_43xx.o
                0x14000c08                Chip_Clock_Enable
 .text.Chip_Clock_GetRate
                0x14000c68       0x88 ./dmix_lpc/lpc_chip_43xx/src/clock_18xx_43xx.o
                0x14000c68                Chip_Clock_GetRate
 .text.Chip_Clock_SetupPLL
                0x14000cf0       0x78 ./dmix_lpc/lpc_chip_43xx/src/clock_18xx_43xx.o
                0x14000cf0                Chip_Clock_SetupPLL
 .text.Chip_Clock_EnablePLL
                0x14000d68       0x34 ./dmix_lpc/lpc_chip_43xx/src/clock_18xx_43xx.o
                0x14000d68                Chip_Clock_EnablePLL
 .text.Chip_Clock_GetPLLStatus
                0x14000d9c       0x28 ./dmix_lpc/lpc_chip_43xx/src/clock_18xx_43xx.o
                0x14000d9c                Chip_Clock_GetPLLStatus
 .text.fpuInit  0x14000dc4       0x74 ./dmix_lpc/lpc_chip_43xx/src/fpu_init.o
                0x14000dc4                fpuInit
 .text.Chip_GPDMA_Init
                0x14000e38       0x68 ./dmix_lpc/lpc_chip_43xx/src/gpdma_18xx_43xx.o
                0x14000e38                Chip_GPDMA_Init
 .text.Chip_GPIO_Init
                0x14000ea0       0x14 ./dmix_lpc/lpc_chip_43xx/src/gpio_18xx_43xx.o
                0x14000ea0                Chip_GPIO_Init
 .text.Chip_SSP_SetFormat
                0x14000eb4       0x30 ./dmix_lpc/lpc_chip_43xx/src/ssp_18xx_43xx.o
 .text.Chip_SSP_Set_Mode
                0x14000ee4       0x24 ./dmix_lpc/lpc_chip_43xx/src/ssp_18xx_43xx.o
 .text.Chip_SSP_GetClockIndex
                0x14000f08       0x2c ./dmix_lpc/lpc_chip_43xx/src/ssp_18xx_43xx.o
 .text.Chip_SSP_SetClockRate
                0x14000f34       0x34 ./dmix_lpc/lpc_chip_43xx/src/ssp_18xx_43xx.o
                0x14000f34                Chip_SSP_SetClockRate
 .text.Chip_SSP_SetMaster
                0x14000f68       0x2c ./dmix_lpc/lpc_chip_43xx/src/ssp_18xx_43xx.o
                0x14000f68                Chip_SSP_SetMaster
 .text.Chip_SSP_SetBitRate
                0x14000f94       0x74 ./dmix_lpc/lpc_chip_43xx/src/ssp_18xx_43xx.o
                0x14000f94                Chip_SSP_SetBitRate
 .text.Chip_SSP_Init
                0x14001008       0x3c ./dmix_lpc/lpc_chip_43xx/src/ssp_18xx_43xx.o
                0x14001008                Chip_SSP_Init
 .text.Chip_SetupCoreClock
                0x14001044       0xb4 ./dmix_lpc/lpc_chip_43xx/src/sysinit_18xx_43xx.o
                0x14001044                Chip_SetupCoreClock
 .text.Chip_UART_TXDisable
                0x140010f8       0x18 ./dmix_lpc/lpc_chip_43xx/src/uart_18xx_43xx.o
 .text.Chip_UART_SetupFIFOS
                0x14001110       0x1c ./dmix_lpc/lpc_chip_43xx/src/uart_18xx_43xx.o
 .text.Chip_UART_ConfigData
                0x1400112c       0x1c ./dmix_lpc/lpc_chip_43xx/src/uart_18xx_43xx.o
 .text.Chip_UART_EnableDivisorAccess
                0x14001148       0x20 ./dmix_lpc/lpc_chip_43xx/src/uart_18xx_43xx.o
 .text.Chip_UART_DisableDivisorAccess
                0x14001168       0x20 ./dmix_lpc/lpc_chip_43xx/src/uart_18xx_43xx.o
 .text.Chip_UART_SetDivisorLatches
                0x14001188       0x28 ./dmix_lpc/lpc_chip_43xx/src/uart_18xx_43xx.o
 .text.Chip_UART_GetClockIndex
                0x140011b0       0x50 ./dmix_lpc/lpc_chip_43xx/src/uart_18xx_43xx.o
 .text.Chip_UART_Init
                0x14001200       0x7c ./dmix_lpc/lpc_chip_43xx/src/uart_18xx_43xx.o
                0x14001200                Chip_UART_Init
 .text.Chip_UART_SetBaud
                0x1400127c       0x64 ./dmix_lpc/lpc_chip_43xx/src/uart_18xx_43xx.o
                0x1400127c                Chip_UART_SetBaud
 .text.Chip_SCU_PinMuxSet
                0x140012e0       0x30 ./dmix_lpc/lpc_board_nxp_lpclink2_4370/src/board.o
 .text.Chip_GPIO_SetPinState
                0x14001310       0x28 ./dmix_lpc/lpc_board_nxp_lpclink2_4370/src/board.o
 .text.Chip_GPIO_SetPinDIROutput
                0x14001338       0x3c ./dmix_lpc/lpc_board_nxp_lpclink2_4370/src/board.o
 .text.Chip_UART_TXEnable
                0x14001374       0x18 ./dmix_lpc/lpc_board_nxp_lpclink2_4370/src/board.o
 .text.Chip_UART_ConfigData
                0x1400138c       0x1c ./dmix_lpc/lpc_board_nxp_lpclink2_4370/src/board.o
 .text.Board_UART_Init
                0x140013a8       0x48 ./dmix_lpc/lpc_board_nxp_lpclink2_4370/src/board.o
                0x140013a8                Board_UART_Init
 .text.Board_Debug_Init
                0x140013f0       0x30 ./dmix_lpc/lpc_board_nxp_lpclink2_4370/src/board.o
                0x140013f0                Board_Debug_Init
 .text.Board_LED_Init
                0x14001420       0x20 ./dmix_lpc/lpc_board_nxp_lpclink2_4370/src/board.o
 .text.Board_Init
                0x14001440       0x18 ./dmix_lpc/lpc_board_nxp_lpclink2_4370/src/board.o
                0x14001440                Board_Init
 .text.Board_SSP_Init
                0x14001458       0x50 ./dmix_lpc/lpc_board_nxp_lpclink2_4370/src/board.o
                0x14001458                Board_SSP_Init
 .text.Chip_SCU_PinMuxSet
                0x140014a8       0x30 ./dmix_lpc/lpc_board_nxp_lpclink2_4370/src/board_sysinit.o
 .text.Chip_SCU_SetPinMuxing
                0x140014d8       0x4c ./dmix_lpc/lpc_board_nxp_lpclink2_4370/src/board_sysinit.o
 .text.Board_SetupMuxing
                0x14001524       0x20 ./dmix_lpc/lpc_board_nxp_lpclink2_4370/src/board_sysinit.o
                0x14001524                Board_SetupMuxing
 .text.Board_SetupClocking
                0x14001544       0x98 ./dmix_lpc/lpc_board_nxp_lpclink2_4370/src/board_sysinit.o
                0x14001544                Board_SetupClocking
 .text.Board_SystemInit
                0x140015dc       0x10 ./dmix_lpc/lpc_board_nxp_lpclink2_4370/src/board_sysinit.o
                0x140015dc                Board_SystemInit
 .text.ResetISR
                0x140015ec       0xc8 ./dmix_lpc/cr_startup_lpc43xx.o
                0x140015ec                ResetISR
 .text.NVIC_EnableIRQ
                0x140016b4       0x30 ./dmix_lpc/dmix_lpc.o
 .text.NVIC_DisableIRQ
                0x140016e4       0x34 ./dmix_lpc/dmix_lpc.o
 .text.NVIC_SetPriority
                0x14001718       0x54 ./dmix_lpc/dmix_lpc.o
 .text.Chip_SSP_Enable
                0x1400176c       0x20 ./dmix_lpc/dmix_lpc.o
 .text.Chip_SSP_SetFormat
                0x1400178c       0x30 ./dmix_lpc/dmix_lpc.o
 .text.Dmix_SSP_Init
                0x140017bc       0x5c ./dmix_lpc/dmix_lpc.o
                0x140017bc                Dmix_SSP_Init
 .text.main     0x14001818       0x70 ./dmix_lpc/dmix_lpc.o
                0x14001818                main
 .text.NVIC_EnableIRQ
                0x14001888       0x30 ./dmix_lpc/libusbdev.o
 .text.USB_IsConfigured
                0x140018b8       0x28 ./dmix_lpc/libusbdev.o
 .text.lusb_ResetEvent
                0x140018e0       0x28 ./dmix_lpc/libusbdev.o
                0x140018e0                lusb_ResetEvent
 .text.lusb_BulkIN_Hdlr
                0x14001908       0x30 ./dmix_lpc/libusbdev.o
                0x14001908                lusb_BulkIN_Hdlr
 .text.lusb_IntrIN_Hdlr
                0x14001938       0x5c ./dmix_lpc/libusbdev.o
                0x14001938                lusb_IntrIN_Hdlr
 .text.lusb_BulkOUT_Hdlr
                0x14001994       0x44 ./dmix_lpc/libusbdev.o
                0x14001994                lusb_BulkOUT_Hdlr
 .text.WCID_hdlr
                0x140019d8       0x28 ./dmix_lpc/libusbdev.o
                0x140019d8                WCID_hdlr
 .text.EP0_patch
                0x14001a00       0x54 ./dmix_lpc/libusbdev.o
 .text.USB0_IRQHandler
                0x14001a54       0x20 ./dmix_lpc/libusbdev.o
                0x14001a54                USB0_IRQHandler
 .text.libusbdev_init
                0x14001a74      0x15c ./dmix_lpc/libusbdev.o
                0x14001a74                libusbdev_init
 .text.libusbdev_Connected
                0x14001bd0       0x18 ./dmix_lpc/libusbdev.o
                0x14001bd0                libusbdev_Connected
 .text.libusbdev_QueueReadReq
                0x14001be8       0x54 ./dmix_lpc/libusbdev.o
                0x14001be8                libusbdev_QueueReadReq
 .text.libusbdev_QueueReadDone
                0x14001c3c       0x2c ./dmix_lpc/libusbdev.o
                0x14001c3c                libusbdev_QueueReadDone
 .text.libusbdev_QueueSendReq
                0x14001c68       0x54 ./dmix_lpc/libusbdev.o
                0x14001c68                libusbdev_QueueSendReq
 .text.libusbdev_QueueSendDone
                0x14001cbc       0x20 ./dmix_lpc/libusbdev.o
                0x14001cbc                libusbdev_QueueSendDone
 .text.SystemInit
                0x14001cdc       0x28 ./dmix_lpc/sysinit.o
                0x14001cdc                SystemInit
 .text.__libc_init_array
                0x14001d04       0x50 c:/nxp/lpcxpresso_7.5.0_254/lpcxpresso/tools/bin/../lib/gcc/arm-none-eabi/4.8.4/../../../../arm-none-eabi/lib/armv7e-m/softfp\libc.a(lib_a-init.o)
                0x14001d04                __libc_init_array
 .text.memset   0x14001d54       0x94 c:/nxp/lpcxpresso_7.5.0_254/lpcxpresso/tools/bin/../lib/gcc/arm-none-eabi/4.8.4/../../../../arm-none-eabi/lib/armv7e-m/softfp\libc.a(lib_a-memset.o)
                0x14001d54                memset
 .text          0x14001de8       0x54 c:/nxp/lpcxpresso_7.5.0_254/lpcxpresso/tools/bin/../lib/gcc/arm-none-eabi/4.8.4/armv7e-m/softfp\crtbegin.o
 *(.rodata .rodata.* .constdata .constdata.*)
 .rodata.usbPLLSetup
                0x14001e3c       0x14 ./dmix_lpc/lpc_chip_43xx/src/chip_18xx_43xx.o
 .rodata.periph_to_base
                0x14001e50       0x6c ./dmix_lpc/lpc_chip_43xx/src/clock_18xx_43xx.o
 .rodata        0x14001ebc        0xc ./dmix_lpc/lpc_chip_43xx/src/clock_18xx_43xx.o
 .rodata.InitClkStates
                0x14001ec8       0x48 ./dmix_lpc/lpc_chip_43xx/src/sysinit_18xx_43xx.o
 .rodata.ExtRateIn
                0x14001f10        0x4 ./dmix_lpc/lpc_board_nxp_lpclink2_4370/src/board.o
                0x14001f10                ExtRateIn
 .rodata.OscRateIn
                0x14001f14        0x4 ./dmix_lpc/lpc_board_nxp_lpclink2_4370/src/board.o
                0x14001f14                OscRateIn
 .rodata.InitClkStates
                0x14001f18       0x10 ./dmix_lpc/lpc_board_nxp_lpclink2_4370/src/board_sysinit.o
 .rodata.spifipinmuxing
                0x14001f28       0x18 ./dmix_lpc/lpc_board_nxp_lpclink2_4370/src/board_sysinit.o
 .rodata.pinmuxing
                0x14001f40        0x4 ./dmix_lpc/lpc_board_nxp_lpclink2_4370/src/board_sysinit.o
 .rodata.USB_DeviceDescriptor
                0x14001f44       0x14 ./dmix_lpc/libusbdev_desc.o
                0x14001f44                USB_DeviceDescriptor
 .rodata.USB_DeviceQualifier
                0x14001f58        0xc ./dmix_lpc/libusbdev_desc.o
                0x14001f58                USB_DeviceQualifier
 .rodata.USB_StringDescriptor
                0x14001f64       0x48 ./dmix_lpc/libusbdev_desc.o
                0x14001f64                USB_StringDescriptor
                0x14001fac                . = ALIGN (0x4)
                0x14001fac                . = ALIGN (0x4)
 *(.init)
 .init          0x14001fac        0x4 c:/nxp/lpcxpresso_7.5.0_254/lpcxpresso/tools/bin/../lib/gcc/arm-none-eabi/4.8.4/armv7e-m/softfp\crti.o
                0x14001fac                _init
 .init          0x14001fb0        0x8 c:/nxp/lpcxpresso_7.5.0_254/lpcxpresso/tools/bin/../lib/gcc/arm-none-eabi/4.8.4/armv7e-m/softfp\crtn.o
                0x14001fb8                . = ALIGN (0x4)
                0x14001fb8                __preinit_array_start = .
 *(.preinit_array)
                0x14001fb8                __preinit_array_end = .
                0x14001fb8                . = ALIGN (0x4)
                0x14001fb8                __init_array_start = .
 *(SORT(.init_array.*))
 *(.init_array)
 .init_array    0x14001fb8        0x4 c:/nxp/lpcxpresso_7.5.0_254/lpcxpresso/tools/bin/../lib/gcc/arm-none-eabi/4.8.4/armv7e-m/softfp\crtbegin.o
                0x14001fbc                __init_array_end = .
 *(.fini)
 .fini          0x14001fbc        0x4 c:/nxp/lpcxpresso_7.5.0_254/lpcxpresso/tools/bin/../lib/gcc/arm-none-eabi/4.8.4/armv7e-m/softfp\crti.o
                0x14001fbc                _fini
 .fini          0x14001fc0        0x8 c:/nxp/lpcxpresso_7.5.0_254/lpcxpresso/tools/bin/../lib/gcc/arm-none-eabi/4.8.4/armv7e-m/softfp\crtn.o
                0x14001fc8                . = ALIGN (0x4)
 *crtbegin.o(.ctors)
 *(EXCLUDE_FILE(*crtend.o) .ctors)
 *(SORT(.ctors.*))
 *crtend.o(.ctors)
                0x14001fc8                . = ALIGN (0x4)
 *crtbegin.o(.dtors)
 *(EXCLUDE_FILE(*crtend.o) .dtors)
 *(SORT(.dtors.*))
 *crtend.o(.dtors)
                0x14001fc8                . = ALIGN (0x4)

.glue_7         0x14001fc8        0x0
 .glue_7        0x00000000        0x0 linker stubs

.glue_7t        0x14001fc8        0x0
 .glue_7t       0x00000000        0x0 linker stubs

.vfp11_veneer   0x14001fc8        0x0
 .vfp11_veneer  0x00000000        0x0 linker stubs

.v4_bx          0x14001fc8        0x0
 .v4_bx         0x00000000        0x0 linker stubs

.iplt           0x14001fc8        0x0
 .iplt          0x00000000        0x0 ./dmix_lpc/lpc_chip_43xx/src/adc_18xx_43xx.o

.rel.dyn        0x14001fc8        0x0
 .rel.iplt      0x00000000        0x0 ./dmix_lpc/lpc_chip_43xx/src/adc_18xx_43xx.o

.eh_frame       0x14001fc8        0x0
 .eh_frame      0x14001fc8        0x0 c:/nxp/lpcxpresso_7.5.0_254/lpcxpresso/tools/bin/../lib/gcc/arm-none-eabi/4.8.4/armv7e-m/softfp\crtbegin.o

.ARM.extab
 *(.ARM.extab* .gnu.linkonce.armextab.*)
                0x14001fc8                __exidx_start = .

.ARM.exidx
 *(.ARM.exidx* .gnu.linkonce.armexidx.*)
                0x14001fc8                __exidx_end = .
                0x14001fc8                _etext = .

.data_RAM2      0x10080000        0x0 load address 0x14001fc8
 FILL mask 0xff
 *(.ramfunc.$RAM2)
 *(.ramfunc.$RamLoc72)
 *(.data.$RAM2*)
 *(.data.$RamLoc72*)
                0x10080000                . = ALIGN (0x4)

.data_RAM3      0x18000000        0x0 load address 0x14001fc8
 FILL mask 0xff
 *(.ramfunc.$RAM3)
 *(.ramfunc.$RamM0Sub16)
 *(.data.$RAM3*)
 *(.data.$RamM0Sub16*)
                0x18000000                . = ALIGN (0x4)

.data_RAM4      0x18004000        0x0 load address 0x14001fc8
 FILL mask 0xff
 *(.ramfunc.$RAM4)
 *(.ramfunc.$RamM0Sub2)
 *(.data.$RAM4*)
 *(.data.$RamM0Sub2*)
                0x18004000                . = ALIGN (0x4)

.uninit_RESERVED
                0x10000000        0x0
 *(.bss.$RESERVED*)
                0x10000000                . = ALIGN (0x4)
                0x10000000                _end_uninit_RESERVED = .

.data           0x10000000       0x50 load address 0x14001fc8
 FILL mask 0xff
                0x10000000                _data = .
 *(vtable)
 *(.ramfunc*)
 *(.data*)
 .data.USB_FsConfigDescriptor
                0x10000000       0x28 ./dmix_lpc/libusbdev_desc.o
                0x10000000                USB_FsConfigDescriptor
 .data.USB_HsConfigDescriptor
                0x10000028       0x28 ./dmix_lpc/libusbdev_desc.o
                0x10000028                USB_HsConfigDescriptor
                0x10000050                . = ALIGN (0x4)
                0x10000050                _edata = .

.igot.plt       0x10000050        0x0 load address 0x14002018
 .igot.plt      0x00000000        0x0 ./dmix_lpc/lpc_chip_43xx/src/adc_18xx_43xx.o

.jcr            0x10000050        0x0 load address 0x14002018
 .jcr           0x10000050        0x0 c:/nxp/lpcxpresso_7.5.0_254/lpcxpresso/tools/bin/../lib/gcc/arm-none-eabi/4.8.4/armv7e-m/softfp\crtbegin.o

.bss_RAM2       0x10080000        0x0
 *(.bss.$RAM2*)
 *(.bss.$RamLoc72*)
                0x10080000                . = ALIGN (0x4)

.bss_RAM3       0x18000000        0x0
 *(.bss.$RAM3*)
 *(.bss.$RamM0Sub16*)
                0x18000000                . = ALIGN (0x4)

.bss_RAM4       0x18004000        0x0
 *(.bss.$RAM4*)
 *(.bss.$RamM0Sub2*)
                0x18004000                . = ALIGN (0x4)

.bss            0x10000050     0x105c
                0x10000050                _bss = .
 *(.bss*)
 .bss.audio_usb_pll_freq
                0x10000050        0x8 ./dmix_lpc/lpc_chip_43xx/src/clock_18xx_43xx.o
 .bss.ChannelHandlerArray
                0x10000058        0x8 ./dmix_lpc/lpc_chip_43xx/src/gpdma_18xx_43xx.o
 .bss.g_rxBuff  0x10000060     0x1000 ./dmix_lpc/dmix_lpc.o
 .bss.g_ep0RxBusy
                0x10001060        0x4 ./dmix_lpc/libusbdev.o
 .bss.g_Ep0BaseHdlr
                0x10001064        0x4 ./dmix_lpc/libusbdev.o
 .bss           0x10001068       0x1c c:/nxp/lpcxpresso_7.5.0_254/lpcxpresso/tools/bin/../lib/gcc/arm-none-eabi/4.8.4/armv7e-m/softfp\crtbegin.o
 *(COMMON)
 COMMON         0x10001084        0x4 ./dmix_lpc/lpc_chip_43xx/src/chip_18xx_43xx.o
                0x10001084                SystemCoreClock
 COMMON         0x10001088       0x24 ./dmix_lpc/libusbdev.o
                0x10001088                g_lusb
                0x100010a8                g_pUsbApi
                0x100010ac                . = ALIGN (0x4)
                0x100010ac                _ebss = .
                0x100010ac                PROVIDE (end, .)

.noinit_RAM2    0x10080000        0x0
 *(.noinit.$RAM2*)
 *(.noinit.$RamLoc72*)
                0x10080000                . = ALIGN (0x4)

.noinit_RAM3    0x18000000        0x0
 *(.noinit.$RAM3*)
 *(.noinit.$RamM0Sub16*)
                0x18000000                . = ALIGN (0x4)

.noinit_RAM4    0x18004000        0x0
 *(.noinit.$RAM4*)
 *(.noinit.$RamM0Sub2*)
                0x18004000                . = ALIGN (0x4)

.noinit         0x100010ac        0x0
                0x100010ac                _noinit = .
 *(.noinit*)
                0x100010ac                . = ALIGN (0x4)
                0x100010ac                _end_noinit = .
                0x100010ac                PROVIDE (_pvHeapStart, DEFINED (__user_heap_base)?__user_heap_base:.)
                0x10020000                PROVIDE (_vStackTop, DEFINED (__user_stack_top)?__user_stack_top:(__top_RamLoc128 - 0x0))
OUTPUT(dmix_lpc.axf elf32-littlearm)

.debug_info     0x00000000     0xb224
 .debug_info    0x00000000      0xa43 ./dmix_lpc/lpc_chip_43xx/src/chip_18xx_43xx.o
 .debug_info    0x00000a43     0x13cf ./dmix_lpc/lpc_chip_43xx/src/clock_18xx_43xx.o
 .debug_info    0x00001e12      0x13e ./dmix_lpc/lpc_chip_43xx/src/fpu_init.o
 .debug_info    0x00001f50     0x160a ./dmix_lpc/lpc_chip_43xx/src/gpdma_18xx_43xx.o
 .debug_info    0x0000355a      0x44c ./dmix_lpc/lpc_chip_43xx/src/gpio_18xx_43xx.o
 .debug_info    0x000039a6      0xbe0 ./dmix_lpc/lpc_chip_43xx/src/ssp_18xx_43xx.o
 .debug_info    0x00004586      0x6f0 ./dmix_lpc/lpc_chip_43xx/src/sysinit_18xx_43xx.o
 .debug_info    0x00004c76     0x109c ./dmix_lpc/lpc_chip_43xx/src/uart_18xx_43xx.o
 .debug_info    0x00005d12      0xfb0 ./dmix_lpc/lpc_board_nxp_lpclink2_4370/src/board.o
 .debug_info    0x00006cc2      0xb67 ./dmix_lpc/lpc_board_nxp_lpclink2_4370/src/board_sysinit.o
 .debug_info    0x00007829      0x2b8 ./dmix_lpc/cr_startup_lpc43xx.o
 .debug_info    0x00007ae1       0x3f ./dmix_lpc/crp.o
 .debug_info    0x00007b20      0xe1d ./dmix_lpc/dmix_lpc.o
 .debug_info    0x0000893d     0x26c9 ./dmix_lpc/libusbdev.o
 .debug_info    0x0000b006      0x130 ./dmix_lpc/libusbdev_desc.o
 .debug_info    0x0000b136       0xee ./dmix_lpc/sysinit.o

.debug_abbrev   0x00000000     0x195b
 .debug_abbrev  0x00000000      0x148 ./dmix_lpc/lpc_chip_43xx/src/chip_18xx_43xx.o
 .debug_abbrev  0x00000148      0x2a1 ./dmix_lpc/lpc_chip_43xx/src/clock_18xx_43xx.o
 .debug_abbrev  0x000003e9       0x84 ./dmix_lpc/lpc_chip_43xx/src/fpu_init.o
 .debug_abbrev  0x0000046d      0x225 ./dmix_lpc/lpc_chip_43xx/src/gpdma_18xx_43xx.o
 .debug_abbrev  0x00000692      0x111 ./dmix_lpc/lpc_chip_43xx/src/gpio_18xx_43xx.o
 .debug_abbrev  0x000007a3      0x232 ./dmix_lpc/lpc_chip_43xx/src/ssp_18xx_43xx.o
 .debug_abbrev  0x000009d5      0x12d ./dmix_lpc/lpc_chip_43xx/src/sysinit_18xx_43xx.o
 .debug_abbrev  0x00000b02      0x2ac ./dmix_lpc/lpc_chip_43xx/src/uart_18xx_43xx.o
 .debug_abbrev  0x00000dae      0x2b0 ./dmix_lpc/lpc_board_nxp_lpclink2_4370/src/board.o
 .debug_abbrev  0x0000105e      0x18d ./dmix_lpc/lpc_board_nxp_lpclink2_4370/src/board_sysinit.o
 .debug_abbrev  0x000011eb       0xf0 ./dmix_lpc/cr_startup_lpc43xx.o
 .debug_abbrev  0x000012db       0x36 ./dmix_lpc/crp.o
 .debug_abbrev  0x00001311      0x1f9 ./dmix_lpc/dmix_lpc.o
 .debug_abbrev  0x0000150a      0x355 ./dmix_lpc/libusbdev.o
 .debug_abbrev  0x0000185f       0x60 ./dmix_lpc/libusbdev_desc.o
 .debug_abbrev  0x000018bf       0x9c ./dmix_lpc/sysinit.o

.debug_aranges  0x00000000      0x7d8
 .debug_aranges
                0x00000000       0x40 ./dmix_lpc/lpc_chip_43xx/src/chip_18xx_43xx.o
 .debug_aranges
                0x00000040      0x128 ./dmix_lpc/lpc_chip_43xx/src/clock_18xx_43xx.o
 .debug_aranges
                0x00000168       0x20 ./dmix_lpc/lpc_chip_43xx/src/fpu_init.o
 .debug_aranges
                0x00000188       0x90 ./dmix_lpc/lpc_chip_43xx/src/gpdma_18xx_43xx.o
 .debug_aranges
                0x00000218       0x68 ./dmix_lpc/lpc_chip_43xx/src/gpio_18xx_43xx.o
 .debug_aranges
                0x00000280       0xe0 ./dmix_lpc/lpc_chip_43xx/src/ssp_18xx_43xx.o
 .debug_aranges
                0x00000360       0x38 ./dmix_lpc/lpc_chip_43xx/src/sysinit_18xx_43xx.o
 .debug_aranges
                0x00000398      0x118 ./dmix_lpc/lpc_chip_43xx/src/uart_18xx_43xx.o
 .debug_aranges
                0x000004b0      0x118 ./dmix_lpc/lpc_board_nxp_lpclink2_4370/src/board.o
 .debug_aranges
                0x000005c8       0x40 ./dmix_lpc/lpc_board_nxp_lpclink2_4370/src/board_sysinit.o
 .debug_aranges
                0x00000608       0x80 ./dmix_lpc/cr_startup_lpc43xx.o
 .debug_aranges
                0x00000688       0x18 ./dmix_lpc/crp.o
 .debug_aranges
                0x000006a0       0x50 ./dmix_lpc/dmix_lpc.o
 .debug_aranges
                0x000006f0       0xb0 ./dmix_lpc/libusbdev.o
 .debug_aranges
                0x000007a0       0x18 ./dmix_lpc/libusbdev_desc.o
 .debug_aranges
                0x000007b8       0x20 ./dmix_lpc/sysinit.o

.debug_ranges   0x00000000      0x6c8
 .debug_ranges  0x00000000       0x30 ./dmix_lpc/lpc_chip_43xx/src/chip_18xx_43xx.o
 .debug_ranges  0x00000030      0x118 ./dmix_lpc/lpc_chip_43xx/src/clock_18xx_43xx.o
 .debug_ranges  0x00000148       0x10 ./dmix_lpc/lpc_chip_43xx/src/fpu_init.o
 .debug_ranges  0x00000158       0x80 ./dmix_lpc/lpc_chip_43xx/src/gpdma_18xx_43xx.o
 .debug_ranges  0x000001d8       0x58 ./dmix_lpc/lpc_chip_43xx/src/gpio_18xx_43xx.o
 .debug_ranges  0x00000230       0xd0 ./dmix_lpc/lpc_chip_43xx/src/ssp_18xx_43xx.o
 .debug_ranges  0x00000300       0x28 ./dmix_lpc/lpc_chip_43xx/src/sysinit_18xx_43xx.o
 .debug_ranges  0x00000328      0x108 ./dmix_lpc/lpc_chip_43xx/src/uart_18xx_43xx.o
 .debug_ranges  0x00000430      0x108 ./dmix_lpc/lpc_board_nxp_lpclink2_4370/src/board.o
 .debug_ranges  0x00000538       0x30 ./dmix_lpc/lpc_board_nxp_lpclink2_4370/src/board_sysinit.o
 .debug_ranges  0x00000568       0x70 ./dmix_lpc/cr_startup_lpc43xx.o
 .debug_ranges  0x000005d8       0x40 ./dmix_lpc/dmix_lpc.o
 .debug_ranges  0x00000618       0xa0 ./dmix_lpc/libusbdev.o
 .debug_ranges  0x000006b8       0x10 ./dmix_lpc/sysinit.o

.debug_macro    0x00000000     0x3d7e
 .debug_macro   0x00000000      0x2d6 ./dmix_lpc/lpc_chip_43xx/src/chip_18xx_43xx.o
 .debug_macro   0x000002d6      0x2dc ./dmix_lpc/lpc_chip_43xx/src/clock_18xx_43xx.o
 .debug_macro   0x000005b2       0xc6 ./dmix_lpc/lpc_chip_43xx/src/fpu_init.o
 .debug_macro   0x00000678      0x2d6 ./dmix_lpc/lpc_chip_43xx/src/gpdma_18xx_43xx.o
 .debug_macro   0x0000094e      0x2d6 ./dmix_lpc/lpc_chip_43xx/src/gpio_18xx_43xx.o
 .debug_macro   0x00000c24      0x2d6 ./dmix_lpc/lpc_chip_43xx/src/ssp_18xx_43xx.o
 .debug_macro   0x00000efa      0x2d6 ./dmix_lpc/lpc_chip_43xx/src/sysinit_18xx_43xx.o
 .debug_macro   0x000011d0      0x2d6 ./dmix_lpc/lpc_chip_43xx/src/uart_18xx_43xx.o
 .debug_macro   0x000014a6      0x40b ./dmix_lpc/lpc_board_nxp_lpclink2_4370/src/board.o
 .debug_macro   0x000018b1       0x5e ./dmix_lpc/lpc_board_nxp_lpclink2_4370/src/board.o
 .debug_macro   0x0000190f       0x16 ./dmix_lpc/lpc_board_nxp_lpclink2_4370/src/board.o
 .debug_macro   0x00001925       0x97 ./dmix_lpc/lpc_board_nxp_lpclink2_4370/src/board.o
 .debug_macro   0x000019bc       0x10 ./dmix_lpc/lpc_board_nxp_lpclink2_4370/src/board.o
 .debug_macro   0x000019cc       0xef ./dmix_lpc/lpc_board_nxp_lpclink2_4370/src/board.o
 .debug_macro   0x00001abb       0x10 ./dmix_lpc/lpc_board_nxp_lpclink2_4370/src/board.o
 .debug_macro   0x00001acb       0x22 ./dmix_lpc/lpc_board_nxp_lpclink2_4370/src/board.o
 .debug_macro   0x00001aed       0xbd ./dmix_lpc/lpc_board_nxp_lpclink2_4370/src/board.o
 .debug_macro   0x00001baa       0x16 ./dmix_lpc/lpc_board_nxp_lpclink2_4370/src/board.o
 .debug_macro   0x00001bc0      0x16c ./dmix_lpc/lpc_board_nxp_lpclink2_4370/src/board.o
 .debug_macro   0x00001d2c       0x20 ./dmix_lpc/lpc_board_nxp_lpclink2_4370/src/board.o
 .debug_macro   0x00001d4c       0x12 ./dmix_lpc/lpc_board_nxp_lpclink2_4370/src/board.o
 .debug_macro   0x00001d5e      0x3c1 ./dmix_lpc/lpc_board_nxp_lpclink2_4370/src/board_sysinit.o
 .debug_macro   0x0000211f       0x1d ./dmix_lpc/cr_startup_lpc43xx.o
 .debug_macro   0x0000213c       0x1a ./dmix_lpc/crp.o
 .debug_macro   0x00002156       0x34 ./dmix_lpc/crp.o
 .debug_macro   0x0000218a      0x4a4 ./dmix_lpc/dmix_lpc.o
 .debug_macro   0x0000262e      0x26c ./dmix_lpc/dmix_lpc.o
 .debug_macro   0x0000289a       0x76 ./dmix_lpc/dmix_lpc.o
 .debug_macro   0x00002910       0x12 ./dmix_lpc/dmix_lpc.o
 .debug_macro   0x00002922       0xfa ./dmix_lpc/dmix_lpc.o
 .debug_macro   0x00002a1c       0xee ./dmix_lpc/dmix_lpc.o
 .debug_macro   0x00002b0a      0x69a ./dmix_lpc/dmix_lpc.o
 .debug_macro   0x000031a4      0x272 ./dmix_lpc/dmix_lpc.o
 .debug_macro   0x00003416       0x10 ./dmix_lpc/dmix_lpc.o
 .debug_macro   0x00003426      0x49c ./dmix_lpc/libusbdev.o
 .debug_macro   0x000038c2       0xfb ./dmix_lpc/libusbdev_desc.o
 .debug_macro   0x000039bd      0x3c1 ./dmix_lpc/sysinit.o

.debug_line     0x00000000     0x739b
 .debug_line    0x00000000      0x6f5 ./dmix_lpc/lpc_chip_43xx/src/chip_18xx_43xx.o
 .debug_line    0x000006f5      0x9ff ./dmix_lpc/lpc_chip_43xx/src/clock_18xx_43xx.o
 .debug_line    0x000010f4      0x2b9 ./dmix_lpc/lpc_chip_43xx/src/fpu_init.o
 .debug_line    0x000013ad      0x8c1 ./dmix_lpc/lpc_chip_43xx/src/gpdma_18xx_43xx.o
 .debug_line    0x00001c6e      0x746 ./dmix_lpc/lpc_chip_43xx/src/gpio_18xx_43xx.o
 .debug_line    0x000023b4      0xa11 ./dmix_lpc/lpc_chip_43xx/src/ssp_18xx_43xx.o
 .debug_line    0x00002dc5      0x6e4 ./dmix_lpc/lpc_chip_43xx/src/sysinit_18xx_43xx.o
 .debug_line    0x000034a9      0x9d0 ./dmix_lpc/lpc_chip_43xx/src/uart_18xx_43xx.o
 .debug_line    0x00003e79      0xadf ./dmix_lpc/lpc_board_nxp_lpclink2_4370/src/board.o
 .debug_line    0x00004958      0x82e ./dmix_lpc/lpc_board_nxp_lpclink2_4370/src/board_sysinit.o
 .debug_line    0x00005186      0x108 ./dmix_lpc/cr_startup_lpc43xx.o
 .debug_line    0x0000528e       0x82 ./dmix_lpc/crp.o
 .debug_line    0x00005310      0xa19 ./dmix_lpc/dmix_lpc.o
 .debug_line    0x00005d29      0xb63 ./dmix_lpc/libusbdev.o
 .debug_line    0x0000688c      0x37d ./dmix_lpc/libusbdev_desc.o
 .debug_line    0x00006c09      0x792 ./dmix_lpc/sysinit.o

.debug_str      0x00000000    0x1f9b9
 .debug_str     0x00000000    0x14b56 ./dmix_lpc/lpc_chip_43xx/src/chip_18xx_43xx.o
                              0x14d73 (size before relaxing)
 .debug_str     0x00014b56      0x61e ./dmix_lpc/lpc_chip_43xx/src/clock_18xx_43xx.o
                              0x152c6 (size before relaxing)
 .debug_str     0x00015174       0xcc ./dmix_lpc/lpc_chip_43xx/src/fpu_init.o
                               0x8c68 (size before relaxing)
 .debug_str     0x00015240      0x754 ./dmix_lpc/lpc_chip_43xx/src/gpdma_18xx_43xx.o
                              0x1530c (size before relaxing)
 .debug_str     0x00015994      0x144 ./dmix_lpc/lpc_chip_43xx/src/gpio_18xx_43xx.o
                              0x14175 (size before relaxing)
 .debug_str     0x00015ad8      0x627 ./dmix_lpc/lpc_chip_43xx/src/ssp_18xx_43xx.o
                              0x14a73 (size before relaxing)
 .debug_str     0x000160ff       0xc8 ./dmix_lpc/lpc_chip_43xx/src/sysinit_18xx_43xx.o
                              0x14c1b (size before relaxing)
 .debug_str     0x000161c7      0x39a ./dmix_lpc/lpc_chip_43xx/src/uart_18xx_43xx.o
                              0x14ea1 (size before relaxing)
 .debug_str     0x00016561     0x341b ./dmix_lpc/lpc_board_nxp_lpclink2_4370/src/board.o
                              0x180c3 (size before relaxing)
 .debug_str     0x0001997c       0xc8 ./dmix_lpc/lpc_board_nxp_lpclink2_4370/src/board_sysinit.o
                              0x170b0 (size before relaxing)
 .debug_str     0x00019a44      0x41d ./dmix_lpc/cr_startup_lpc43xx.o
                               0x2725 (size before relaxing)
 .debug_str     0x00019e61       0xee ./dmix_lpc/crp.o
                               0x2596 (size before relaxing)
 .debug_str     0x00019f4f     0x41ea ./dmix_lpc/dmix_lpc.o
                              0x1c12c (size before relaxing)
 .debug_str     0x0001e139     0x1843 ./dmix_lpc/libusbdev.o
                              0x1d6d3 (size before relaxing)
 .debug_str     0x0001f97c       0x1d ./dmix_lpc/libusbdev_desc.o
                               0x7045 (size before relaxing)
 .debug_str     0x0001f999       0x20 ./dmix_lpc/sysinit.o
                              0x162d1 (size before relaxing)

.comment        0x00000000       0x70
 .comment       0x00000000       0x70 ./dmix_lpc/lpc_chip_43xx/src/chip_18xx_43xx.o
                                 0x71 (size before relaxing)
 .comment       0x00000000       0x71 ./dmix_lpc/lpc_chip_43xx/src/clock_18xx_43xx.o
 .comment       0x00000000       0x71 ./dmix_lpc/lpc_chip_43xx/src/fpu_init.o
 .comment       0x00000000       0x71 ./dmix_lpc/lpc_chip_43xx/src/gpdma_18xx_43xx.o
 .comment       0x00000000       0x71 ./dmix_lpc/lpc_chip_43xx/src/gpio_18xx_43xx.o
 .comment       0x00000000       0x71 ./dmix_lpc/lpc_chip_43xx/src/ssp_18xx_43xx.o
 .comment       0x00000000       0x71 ./dmix_lpc/lpc_chip_43xx/src/sysinit_18xx_43xx.o
 .comment       0x00000000       0x71 ./dmix_lpc/lpc_chip_43xx/src/uart_18xx_43xx.o
 .comment       0x00000000       0x71 ./dmix_lpc/lpc_board_nxp_lpclink2_4370/src/board.o
 .comment       0x00000000       0x71 ./dmix_lpc/lpc_board_nxp_lpclink2_4370/src/board_sysinit.o
 .comment       0x00000000       0x71 ./dmix_lpc/cr_startup_lpc43xx.o
 .comment       0x00000000       0x71 ./dmix_lpc/crp.o
 .comment       0x00000000       0x71 ./dmix_lpc/dmix_lpc.o
 .comment       0x00000000       0x71 ./dmix_lpc/libusbdev.o
 .comment       0x00000000       0x71 ./dmix_lpc/libusbdev_desc.o
 .comment       0x00000000       0x71 ./dmix_lpc/sysinit.o

.ARM.attributes
                0x00000000       0x35
 .ARM.attributes
                0x00000000       0x37 ./dmix_lpc/lpc_chip_43xx/src/chip_18xx_43xx.o
 .ARM.attributes
                0x00000037       0x37 ./dmix_lpc/lpc_chip_43xx/src/clock_18xx_43xx.o
 .ARM.attributes
                0x0000006e       0x37 ./dmix_lpc/lpc_chip_43xx/src/fpu_init.o
 .ARM.attributes
                0x000000a5       0x37 ./dmix_lpc/lpc_chip_43xx/src/gpdma_18xx_43xx.o
 .ARM.attributes
                0x000000dc       0x37 ./dmix_lpc/lpc_chip_43xx/src/gpio_18xx_43xx.o
 .ARM.attributes
                0x00000113       0x37 ./dmix_lpc/lpc_chip_43xx/src/ssp_18xx_43xx.o
 .ARM.attributes
                0x0000014a       0x37 ./dmix_lpc/lpc_chip_43xx/src/sysinit_18xx_43xx.o
 .ARM.attributes
                0x00000181       0x37 ./dmix_lpc/lpc_chip_43xx/src/uart_18xx_43xx.o
 .ARM.attributes
                0x000001b8       0x37 ./dmix_lpc/lpc_board_nxp_lpclink2_4370/src/board.o
 .ARM.attributes
                0x000001ef       0x37 ./dmix_lpc/lpc_board_nxp_lpclink2_4370/src/board_sysinit.o
 .ARM.attributes
                0x00000226       0x37 ./dmix_lpc/cr_startup_lpc43xx.o
 .ARM.attributes
                0x0000025d       0x37 ./dmix_lpc/crp.o
 .ARM.attributes
                0x00000294       0x37 ./dmix_lpc/dmix_lpc.o
 .ARM.attributes
                0x000002cb       0x37 ./dmix_lpc/libusbdev.o
 .ARM.attributes
                0x00000302       0x37 ./dmix_lpc/libusbdev_desc.o
 .ARM.attributes
                0x00000339       0x37 ./dmix_lpc/sysinit.o
 .ARM.attributes
                0x00000370       0x32 c:/nxp/lpcxpresso_7.5.0_254/lpcxpresso/tools/bin/../lib/gcc/arm-none-eabi/4.8.4/../../../../arm-none-eabi/lib/armv7e-m/softfp\libc.a(lib_a-init.o)
 .ARM.attributes
                0x000003a2       0x32 c:/nxp/lpcxpresso_7.5.0_254/lpcxpresso/tools/bin/../lib/gcc/arm-none-eabi/4.8.4/../../../../arm-none-eabi/lib/armv7e-m/softfp\libc.a(lib_a-memset.o)
 .ARM.attributes
                0x000003d4       0x22 c:/nxp/lpcxpresso_7.5.0_254/lpcxpresso/tools/bin/../lib/gcc/arm-none-eabi/4.8.4/armv7e-m/softfp\crti.o
 .ARM.attributes
                0x000003f6       0x22 c:/nxp/lpcxpresso_7.5.0_254/lpcxpresso/tools/bin/../lib/gcc/arm-none-eabi/4.8.4/armv7e-m/softfp\crtn.o
 .ARM.attributes
                0x00000418       0x32 c:/nxp/lpcxpresso_7.5.0_254/lpcxpresso/tools/bin/../lib/gcc/arm-none-eabi/4.8.4/armv7e-m/softfp\crtbegin.o

.debug_frame    0x00000000     0x1840
 .debug_frame   0x00000000       0x98 ./dmix_lpc/lpc_chip_43xx/src/chip_18xx_43xx.o
 .debug_frame   0x00000098      0x3cc ./dmix_lpc/lpc_chip_43xx/src/clock_18xx_43xx.o
 .debug_frame   0x00000464       0x2c ./dmix_lpc/lpc_chip_43xx/src/fpu_init.o
 .debug_frame   0x00000490      0x1d4 ./dmix_lpc/lpc_chip_43xx/src/gpdma_18xx_43xx.o
 .debug_frame   0x00000664      0x130 ./dmix_lpc/lpc_chip_43xx/src/gpio_18xx_43xx.o
 .debug_frame   0x00000794      0x304 ./dmix_lpc/lpc_chip_43xx/src/ssp_18xx_43xx.o
 .debug_frame   0x00000a98       0x84 ./dmix_lpc/lpc_chip_43xx/src/sysinit_18xx_43xx.o
 .debug_frame   0x00000b1c      0x3d4 ./dmix_lpc/lpc_chip_43xx/src/uart_18xx_43xx.o
 .debug_frame   0x00000ef0      0x3ac ./dmix_lpc/lpc_board_nxp_lpclink2_4370/src/board.o
 .debug_frame   0x0000129c       0xa4 ./dmix_lpc/lpc_board_nxp_lpclink2_4370/src/board_sysinit.o
 .debug_frame   0x00001340      0x158 ./dmix_lpc/cr_startup_lpc43xx.o
 .debug_frame   0x00001498       0xd4 ./dmix_lpc/dmix_lpc.o
 .debug_frame   0x0000156c      0x24c ./dmix_lpc/libusbdev.o
 .debug_frame   0x000017b8       0x30 ./dmix_lpc/sysinit.o
 .debug_frame   0x000017e8       0x2c c:/nxp/lpcxpresso_7.5.0_254/lpcxpresso/tools/bin/../lib/gcc/arm-none-eabi/4.8.4/../../../../arm-none-eabi/lib/armv7e-m/softfp\libc.a(lib_a-init.o)
 .debug_frame   0x00001814       0x2c c:/nxp/lpcxpresso_7.5.0_254/lpcxpresso/tools/bin/../lib/gcc/arm-none-eabi/4.8.4/../../../../arm-none-eabi/lib/armv7e-m/softfp\libc.a(lib_a-memset.o)
