Archive member included because of file (symbol)

c:/nxp/lpcxpresso_7.5.0_254/lpcxpresso/tools/bin/../lib/gcc/arm-none-eabi/4.8.4/armv7e-m/softfp\libgcc.a(_aeabi_uldivmod.o)
                              ./dmix_lpc_m4/lpc_chip_43xx/src/i2s_18xx_43xx.o (__aeabi_uldivmod)
c:/nxp/lpcxpresso_7.5.0_254/lpcxpresso/tools/bin/../lib/gcc/arm-none-eabi/4.8.4/armv7e-m/softfp\libgcc.a(bpabi.o)
                              c:/nxp/lpcxpresso_7.5.0_254/lpcxpresso/tools/bin/../lib/gcc/arm-none-eabi/4.8.4/armv7e-m/softfp\libgcc.a(_aeabi_uldivmod.o) (__gnu_uldivmod_helper)
c:/nxp/lpcxpresso_7.5.0_254/lpcxpresso/tools/bin/../lib/gcc/arm-none-eabi/4.8.4/armv7e-m/softfp\libgcc.a(_dvmd_tls.o)
                              c:/nxp/lpcxpresso_7.5.0_254/lpcxpresso/tools/bin/../lib/gcc/arm-none-eabi/4.8.4/armv7e-m/softfp\libgcc.a(_aeabi_uldivmod.o) (__aeabi_ldiv0)
c:/nxp/lpcxpresso_7.5.0_254/lpcxpresso/tools/bin/../lib/gcc/arm-none-eabi/4.8.4/armv7e-m/softfp\libgcc.a(_divdi3.o)
                              c:/nxp/lpcxpresso_7.5.0_254/lpcxpresso/tools/bin/../lib/gcc/arm-none-eabi/4.8.4/armv7e-m/softfp\libgcc.a(bpabi.o) (__divdi3)
c:/nxp/lpcxpresso_7.5.0_254/lpcxpresso/tools/bin/../lib/gcc/arm-none-eabi/4.8.4/armv7e-m/softfp\libgcc.a(_udivdi3.o)
                              c:/nxp/lpcxpresso_7.5.0_254/lpcxpresso/tools/bin/../lib/gcc/arm-none-eabi/4.8.4/armv7e-m/softfp\libgcc.a(bpabi.o) (__udivdi3)
c:/nxp/lpcxpresso_7.5.0_254/lpcxpresso/tools/bin/../lib/gcc/arm-none-eabi/4.8.4/../../../../arm-none-eabi/lib/armv7e-m/softfp\libc.a(lib_a-init.o)
                              ./dmix_lpc_m4/cr_startup_lpc43xx.o (__libc_init_array)
c:/nxp/lpcxpresso_7.5.0_254/lpcxpresso/tools/bin/../lib/gcc/arm-none-eabi/4.8.4/../../../../arm-none-eabi/lib/armv7e-m/softfp\libc.a(lib_a-malloc.o)
                              ./dmix_lpc_m4/cr_cpp_config.o (malloc)
c:/nxp/lpcxpresso_7.5.0_254/lpcxpresso/tools/bin/../lib/gcc/arm-none-eabi/4.8.4/../../../../arm-none-eabi/lib/armv7e-m/softfp\libc.a(lib_a-mallocr.o)
                              c:/nxp/lpcxpresso_7.5.0_254/lpcxpresso/tools/bin/../lib/gcc/arm-none-eabi/4.8.4/../../../../arm-none-eabi/lib/armv7e-m/softfp\libc.a(lib_a-malloc.o) (_malloc_r)
c:/nxp/lpcxpresso_7.5.0_254/lpcxpresso/tools/bin/../lib/gcc/arm-none-eabi/4.8.4/../../../../arm-none-eabi/lib/armv7e-m/softfp\libc.a(lib_a-memcpy.o)
                              ./dmix_lpc_m4/lpc_chip_43xx/src/ring_buffer.o (memcpy)
c:/nxp/lpcxpresso_7.5.0_254/lpcxpresso/tools/bin/../lib/gcc/arm-none-eabi/4.8.4/../../../../arm-none-eabi/lib/armv7e-m/softfp\libc.a(lib_a-memset.o)
                              ./dmix_lpc_m4/libusbdev.o (memset)
c:/nxp/lpcxpresso_7.5.0_254/lpcxpresso/tools/bin/../lib/gcc/arm-none-eabi/4.8.4/../../../../arm-none-eabi/lib/armv7e-m/softfp\libc.a(lib_a-mlock.o)
                              c:/nxp/lpcxpresso_7.5.0_254/lpcxpresso/tools/bin/../lib/gcc/arm-none-eabi/4.8.4/../../../../arm-none-eabi/lib/armv7e-m/softfp\libc.a(lib_a-mallocr.o) (__malloc_lock)
c:/nxp/lpcxpresso_7.5.0_254/lpcxpresso/tools/bin/../lib/gcc/arm-none-eabi/4.8.4/../../../../arm-none-eabi/lib/armv7e-m/softfp\libc.a(lib_a-sbrkr.o)
                              c:/nxp/lpcxpresso_7.5.0_254/lpcxpresso/tools/bin/../lib/gcc/arm-none-eabi/4.8.4/../../../../arm-none-eabi/lib/armv7e-m/softfp\libc.a(lib_a-mallocr.o) (_sbrk_r)
c:/nxp/lpcxpresso_7.5.0_254/lpcxpresso/tools/bin/../lib/gcc/arm-none-eabi/4.8.4/../../../../arm-none-eabi/lib/armv7e-m/softfp\libc.a(lib_a-freer.o)
                              c:/nxp/lpcxpresso_7.5.0_254/lpcxpresso/tools/bin/../lib/gcc/arm-none-eabi/4.8.4/../../../../arm-none-eabi/lib/armv7e-m/softfp\libc.a(lib_a-malloc.o) (_free_r)
c:/nxp/lpcxpresso_7.5.0_254/lpcxpresso/tools/bin/../lib/gcc/arm-none-eabi/4.8.4/../../../../arm-none-eabi/lib/armv7e-m/softfp\libc.a(lib_a-impure.o)
                              c:/nxp/lpcxpresso_7.5.0_254/lpcxpresso/tools/bin/../lib/gcc/arm-none-eabi/4.8.4/../../../../arm-none-eabi/lib/armv7e-m/softfp\libc.a(lib_a-malloc.o) (_impure_ptr)
c:/nxp/lpcxpresso_7.5.0_254/lpcxpresso/tools/bin/../lib/gcc/arm-none-eabi/4.8.4/../../../../arm-none-eabi/lib/armv7e-m/softfp\libc.a(lib_a-reent.o)
                              c:/nxp/lpcxpresso_7.5.0_254/lpcxpresso/tools/bin/../lib/gcc/arm-none-eabi/4.8.4/../../../../arm-none-eabi/lib/armv7e-m/softfp\libc.a(lib_a-sbrkr.o) (errno)
c:/nxp/lpcxpresso_7.5.0_254/lpcxpresso/tools/bin/../lib/gcc/arm-none-eabi/4.8.4/../../../../arm-none-eabi/lib/armv7e-m/softfp\libcr_newlib_nohost.a(_cr_sbrk.o)
                              c:/nxp/lpcxpresso_7.5.0_254/lpcxpresso/tools/bin/../lib/gcc/arm-none-eabi/4.8.4/../../../../arm-none-eabi/lib/armv7e-m/softfp\libc.a(lib_a-sbrkr.o) (_sbrk)
c:/nxp/lpcxpresso_7.5.0_254/lpcxpresso/tools/bin/../lib/gcc/arm-none-eabi/4.8.4/../../../../arm-none-eabi/lib/armv7e-m/softfp\libcr_newlib_nohost.a(_cr_check_heap.o)
[...]
Memory Configuration

Name             Origin             Length             Attributes
Flash_1MB        0x14000000         0x00080000         xr
RamLoc128        0x10000000         0x00020000         xrw
RamLoc72         0x10080000         0x00012000         xrw
RamM0Sub16       0x18000000         0x00004000         xrw
RamM0Sub2        0x18004000         0x00000800         xrw
*default*        0x00000000         0xffffffff

Linker script and memory map

LOAD ./dmix_lpc_m4/lpc_chip_43xx/src/adc_18xx_43xx.o
LOAD ./dmix_lpc_m4/lpc_chip_43xx/src/aes_18xx_43xx.o
LOAD ./dmix_lpc_m4/lpc_chip_43xx/src/atimer_18xx_43xx.o
LOAD ./dmix_lpc_m4/lpc_chip_43xx/src/ccan_18xx_43xx.o
LOAD ./dmix_lpc_m4/lpc_chip_43xx/src/chip_18xx_43xx.o
LOAD ./dmix_lpc_m4/lpc_chip_43xx/src/clock_18xx_43xx.o
LOAD ./dmix_lpc_m4/lpc_chip_43xx/src/dac_18xx_43xx.o
LOAD ./dmix_lpc_m4/lpc_chip_43xx/src/eeprom_18xx_43xx.o
LOAD ./dmix_lpc_m4/lpc_chip_43xx/src/emc_18xx_43xx.o
LOAD ./dmix_lpc_m4/lpc_chip_43xx/src/enet_18xx_43xx.o
LOAD ./dmix_lpc_m4/lpc_chip_43xx/src/evrt_18xx_43xx.o
LOAD ./dmix_lpc_m4/lpc_chip_43xx/src/fpu_init.o
LOAD ./dmix_lpc_m4/lpc_chip_43xx/src/gpdma_18xx_43xx.o
LOAD ./dmix_lpc_m4/lpc_chip_43xx/src/gpio_18xx_43xx.o
LOAD ./dmix_lpc_m4/lpc_chip_43xx/src/gpiogroup_18xx_43xx.o
LOAD ./dmix_lpc_m4/lpc_chip_43xx/src/hsadc_18xx_43xx.o
LOAD ./dmix_lpc_m4/lpc_chip_43xx/src/i2c_18xx_43xx.o
LOAD ./dmix_lpc_m4/lpc_chip_43xx/src/i2cm_18xx_43xx.o
LOAD ./dmix_lpc_m4/lpc_chip_43xx/src/i2s_18xx_43xx.o
LOAD ./dmix_lpc_m4/lpc_chip_43xx/src/iap_18xx_43xx.o
LOAD ./dmix_lpc_m4/lpc_chip_43xx/src/lcd_18xx_43xx.o
LOAD ./dmix_lpc_m4/lpc_chip_43xx/src/otp_18xx_43xx.o
LOAD ./dmix_lpc_m4/lpc_chip_43xx/src/pinint_18xx_43xx.o
LOAD ./dmix_lpc_m4/lpc_chip_43xx/src/pmc_18xx_43xx.o
LOAD ./dmix_lpc_m4/lpc_chip_43xx/src/rgu_18xx_43xx.o
LOAD ./dmix_lpc_m4/lpc_chip_43xx/src/ring_buffer.o
LOAD ./dmix_lpc_m4/lpc_chip_43xx/src/ritimer_18xx_43xx.o
LOAD ./dmix_lpc_m4/lpc_chip_43xx/src/rtc_18xx_43xx.o
LOAD ./dmix_lpc_m4/lpc_chip_43xx/src/sct_18xx_43xx.o
LOAD ./dmix_lpc_m4/lpc_chip_43xx/src/sct_pwm_18xx_43xx.o
LOAD ./dmix_lpc_m4/lpc_chip_43xx/src/scu_18xx_43xx.o
LOAD ./dmix_lpc_m4/lpc_chip_43xx/src/sdif_18xx_43xx.o
LOAD ./dmix_lpc_m4/lpc_chip_43xx/src/sdmmc_18xx_43xx.o
LOAD ./dmix_lpc_m4/lpc_chip_43xx/src/spi_18xx_43xx.o
LOAD ./dmix_lpc_m4/lpc_chip_43xx/src/ssp_18xx_43xx.o
LOAD ./dmix_lpc_m4/lpc_chip_43xx/src/stopwatch_18xx_43xx.o
LOAD ./dmix_lpc_m4/lpc_chip_43xx/src/sysinit_18xx_43xx.o
LOAD ./dmix_lpc_m4/lpc_chip_43xx/src/timer_18xx_43xx.o
LOAD ./dmix_lpc_m4/lpc_chip_43xx/src/uart_18xx_43xx.o
LOAD ./dmix_lpc_m4/lpc_chip_43xx/src/wwdt_18xx_43xx.o
LOAD ./dmix_lpc_m4/lpc_board_nxp_lpclink2_4370/src/board.o
LOAD ./dmix_lpc_m4/lpc_board_nxp_lpclink2_4370/src/board_sysinit.o
LOAD ./dmix_lpc_m4/cr_cpp_config.o
LOAD ./dmix_lpc_m4/cr_startup_lpc43xx.o
LOAD ./dmix_lpc_m4/crp.o
LOAD ./dmix_lpc_m4/dmix_lpc.o
LOAD ./dmix_lpc_m4/libusbdev.o
LOAD ./dmix_lpc_m4/libusbdev_desc.o
LOAD ./dmix_lpc_m4/sysinit.o
LOAD C:\Users\kouhei\Documents\LPCXpresso_7.5.0_254\workspace\CMSIS_DSPLIB_CM4\lib\libCMSIS_DSPLIB_CM4.a
START GROUP
LOAD c:/nxp/lpcxpresso_7.5.0_254/lpcxpresso/tools/bin/../lib/gcc/arm-none-eabi/4.8.4/armv7e-m/softfp\libgcc.a
LOAD c:/nxp/lpcxpresso_7.5.0_254/lpcxpresso/tools/bin/../lib/gcc/arm-none-eabi/4.8.4/../../../../arm-none-eabi/lib/armv7e-m/softfp\libc.a
LOAD c:/nxp/lpcxpresso_7.5.0_254/lpcxpresso/tools/bin/../lib/gcc/arm-none-eabi/4.8.4/../../../../arm-none-eabi/lib/armv7e-m/softfp\libstdc++.a
LOAD c:/nxp/lpcxpresso_7.5.0_254/lpcxpresso/tools/bin/../lib/gcc/arm-none-eabi/4.8.4/../../../../arm-none-eabi/lib/armv7e-m/softfp\libm.a
LOAD c:/nxp/lpcxpresso_7.5.0_254/lpcxpresso/tools/bin/../lib/gcc/arm-none-eabi/4.8.4/../../../../arm-none-eabi/lib/armv7e-m/softfp\libcr_newlib_nohost.a
LOAD c:/nxp/lpcxpresso_7.5.0_254/lpcxpresso/tools/bin/../lib/gcc/arm-none-eabi/4.8.4/armv7e-m/softfp\crti.o
LOAD c:/nxp/lpcxpresso_7.5.0_254/lpcxpresso/tools/bin/../lib/gcc/arm-none-eabi/4.8.4/armv7e-m/softfp\crtn.o
LOAD c:/nxp/lpcxpresso_7.5.0_254/lpcxpresso/tools/bin/../lib/gcc/arm-none-eabi/4.8.4/armv7e-m/softfp\crtbegin.o
LOAD c:/nxp/lpcxpresso_7.5.0_254/lpcxpresso/tools/bin/../lib/gcc/arm-none-eabi/4.8.4/armv7e-m/softfp\crtend.o
END GROUP
                0x14080000                __top_Flash_1MB = 0x14080000
                0x10020000                __top_RamLoc128 = 0x10020000
                0x10092000                __top_RamLoc72 = 0x10092000
                0x18004000                __top_RamM0Sub16 = 0x18004000
                0x18004800                __top_RamM0Sub2 = 0x18004800

.text           0x14000000     0x15a8
 FILL mask 0xff
                0x14000000                __vectors_start__ = ABSOLUTE (.)
 *(.isr_vector)
 .isr_vector    0x14000000      0x114 ./dmix_lpc_m4/cr_startup_lpc43xx.o
                0x14000000                g_pfnVectors
                0x14000114                . = ALIGN (0x4)
                0x14000114                __section_table_start = .
                0x14000114                __data_section_table = .
                0x14000114        0x4 LONG 0x140015a8 LOADADDR (.data)
                0x14000118        0x4 LONG 0x10000000 ADDR (.data)
                0x1400011c        0x4 LONG 0x0 SIZEOF (.data)
                0x14000120        0x4 LONG 0x140015a8 LOADADDR (.data_RAM2)
                0x14000124        0x4 LONG 0x10080000 ADDR (.data_RAM2)
                0x14000128        0x4 LONG 0x0 SIZEOF (.data_RAM2)
                0x1400012c        0x4 LONG 0x140015a8 LOADADDR (.data_RAM3)
                0x14000130        0x4 LONG 0x18000000 ADDR (.data_RAM3)
                0x14000134        0x4 LONG 0x0 SIZEOF (.data_RAM3)
                0x14000138        0x4 LONG 0x140015a8 LOADADDR (.data_RAM4)
                0x1400013c        0x4 LONG 0x18004000 ADDR (.data_RAM4)
                0x14000140        0x4 LONG 0x0 SIZEOF (.data_RAM4)
                0x14000144                __data_section_table_end = .
                0x14000144                __bss_section_table = .
                0x14000144        0x4 LONG 0x10000000 ADDR (.bss)
                0x14000148        0x4 LONG 0x4c SIZEOF (.bss)
                0x1400014c        0x4 LONG 0x10080000 ADDR (.bss_RAM2)
                0x14000150        0x4 LONG 0x0 SIZEOF (.bss_RAM2)
                0x14000154        0x4 LONG 0x18000000 ADDR (.bss_RAM3)
                0x14000158        0x4 LONG 0x0 SIZEOF (.bss_RAM3)
                0x1400015c        0x4 LONG 0x18004000 ADDR (.bss_RAM4)
                0x14000160        0x4 LONG 0x0 SIZEOF (.bss_RAM4)
                0x14000164                __bss_section_table_end = .
                0x14000164                __section_table_end = .
 *(.after_vectors*)
 .after_vectors
                0x14000164       0xcc ./dmix_lpc_m4/cr_startup_lpc43xx.o
                0x14000164                data_init(unsigned int, unsigned int, unsigned int)
                0x140001a8                bss_init(unsigned int, unsigned int)
                0x140001e0                NMI_Handler
                0x140001e8                HardFault_Handler
                0x140001f0                MemManage_Handler
                0x140001f8                BusFault_Handler
                0x14000200                UsageFault_Handler
                0x14000208                SVC_Handler
                0x14000210                DebugMon_Handler
                0x14000218                PendSV_Handler
                0x14000220                SysTick_Handler
                0x14000228                I2C1_IRQHandler
                0x14000228                UART1_IRQHandler
                0x14000228                GPIO5_IRQHandler
                0x14000228                CAN1_IRQHandler
                0x14000228                SDIO_IRQHandler
                0x14000228                I2S0_IRQHandler
                0x14000228                TIMER3_IRQHandler
                0x14000228                UART0_IRQHandler
                0x14000228                SGPIO_IRQHandler
                0x14000228                ADC0_IRQHandler
                0x14000228                USB1_IRQHandler
                0x14000228                I2C0_IRQHandler
                0x14000228                IntDefaultHandler
                0x14000228                GPIO1_IRQHandler
                0x14000228                SSP0_IRQHandler
                0x14000228                ADC1_IRQHandler
                0x14000228                FLASHEEPROM_IRQHandler
                0x14000228                RTC_IRQHandler
                0x14000228                TIMER0_IRQHandler
                0x14000228                SPI_IRQHandler
                0x14000228                LCD_IRQHandler
                0x14000228                TIMER1_IRQHandler
                0x14000228                UART2_IRQHandler
                0x14000228                GPIO2_IRQHandler
                0x14000228                I2S1_IRQHandler
                0x14000228                SSP1_IRQHandler
                0x14000228                ADCHS_IRQHandler
                0x14000228                GPIO3_IRQHandler
                0x14000228                SCT_IRQHandler
                0x14000228                RIT_IRQHandler
                0x14000228                ATIMER_IRQHandler
                0x14000228                MX_CORE_IRQHandler
                0x14000228                WDT_IRQHandler
                0x14000228                GPIO6_IRQHandler
                0x14000228                GPIO7_IRQHandler
                0x14000228                SPIFI_IRQHandler
                0x14000228                QEI_IRQHandler
                0x14000228                ETH_IRQHandler
                0x14000228                CAN0_IRQHandler
                0x14000228                GINT0_IRQHandler
                0x14000228                DAC_IRQHandler
                0x14000228                M0SUB_IRQHandler
                0x14000228                GPIO0_IRQHandler
                0x14000228                DMA_IRQHandler
                0x14000228                EVRT_IRQHandler
                0x14000228                TIMER2_IRQHandler
                0x14000228                UART3_IRQHandler
                0x14000228                MCPWM_IRQHandler
                0x14000228                GINT1_IRQHandler
                0x14000228                GPIO4_IRQHandler
                0x000002fc                . = 0x2fc
 *fill*         0x14000230       0xcc ff
                0x140002fc                PROVIDE (__CRP_WORD_START__, .)
 *(.crp)
 .crp           0x140002fc        0x4 ./dmix_lpc_m4/crp.o
                0x140002fc                CRP_WORD
                0x14000300                PROVIDE (__CRP_WORD_END__, .)
                0x00000001                ASSERT (! ((__CRP_WORD_START__ == __CRP_WORD_END__)), Linker CRP Enabled, but no CRP_WORD provided within application)
 *(.text*)
 .text.SystemCoreClockUpdate
                0x14000300       0x18 ./dmix_lpc_m4/lpc_chip_43xx/src/chip_18xx_43xx.o
                0x14000300                SystemCoreClockUpdate
 .text.Chip_Clock_TestMainPLLMultiplier
                0x14000318       0x48 ./dmix_lpc_m4/lpc_chip_43xx/src/clock_18xx_43xx.o
 .text.Chip_Clock_GetDivRate
                0x14000360       0x40 ./dmix_lpc_m4/lpc_chip_43xx/src/clock_18xx_43xx.o
 .text.Chip_Clock_FindBaseClock
                0x140003a0       0x88 ./dmix_lpc_m4/lpc_chip_43xx/src/clock_18xx_43xx.o
 .text.Chip_Clock_EnableCrystal
                0x14000428       0x6c ./dmix_lpc_m4/lpc_chip_43xx/src/clock_18xx_43xx.o
                0x14000428                Chip_Clock_EnableCrystal
 .text.Chip_Clock_SetupMainPLLHz
                0x14000494      0x128 ./dmix_lpc_m4/lpc_chip_43xx/src/clock_18xx_43xx.o
                0x14000494                Chip_Clock_SetupMainPLLHz
 .text.Chip_Clock_SetupMainPLLMult
                0x140005bc       0xf8 ./dmix_lpc_m4/lpc_chip_43xx/src/clock_18xx_43xx.o
                0x140005bc                Chip_Clock_SetupMainPLLMult
 .text.Chip_Clock_GetMainPLLHz
                0x140006b4       0xc0 ./dmix_lpc_m4/lpc_chip_43xx/src/clock_18xx_43xx.o
                0x140006b4                Chip_Clock_GetMainPLLHz
 .text.Chip_Clock_DisableMainPLL
                0x14000774       0x1c ./dmix_lpc_m4/lpc_chip_43xx/src/clock_18xx_43xx.o
                0x14000774                Chip_Clock_DisableMainPLL
 .text.Chip_Clock_SetDivider
                0x14000790       0x84 ./dmix_lpc_m4/lpc_chip_43xx/src/clock_18xx_43xx.o
                0x14000790                Chip_Clock_SetDivider
 .text.Chip_Clock_GetDividerSource
                0x14000814       0x40 ./dmix_lpc_m4/lpc_chip_43xx/src/clock_18xx_43xx.o
                0x14000814                Chip_Clock_GetDividerSource
 .text.Chip_Clock_GetDividerDivisor
                0x14000854       0x38 ./dmix_lpc_m4/lpc_chip_43xx/src/clock_18xx_43xx.o
                0x14000854                Chip_Clock_GetDividerDivisor
 .text.Chip_Clock_GetClockInputHz
                0x1400088c      0x140 ./dmix_lpc_m4/lpc_chip_43xx/src/clock_18xx_43xx.o
                0x1400088c                Chip_Clock_GetClockInputHz
 .text.Chip_Clock_GetBaseClocktHz
                0x140009cc       0x24 ./dmix_lpc_m4/lpc_chip_43xx/src/clock_18xx_43xx.o
                0x140009cc                Chip_Clock_GetBaseClocktHz
 .text.Chip_Clock_SetBaseClock
                0x140009f0       0x8c ./dmix_lpc_m4/lpc_chip_43xx/src/clock_18xx_43xx.o
                0x140009f0                Chip_Clock_SetBaseClock
 .text.Chip_Clock_GetBaseClock
                0x14000a7c       0x4c ./dmix_lpc_m4/lpc_chip_43xx/src/clock_18xx_43xx.o
                0x14000a7c                Chip_Clock_GetBaseClock
 .text.Chip_Clock_EnableOpts
                0x14000ac8       0x7c ./dmix_lpc_m4/lpc_chip_43xx/src/clock_18xx_43xx.o
                0x14000ac8                Chip_Clock_EnableOpts
 .text.Chip_Clock_Enable
                0x14000b44       0x60 ./dmix_lpc_m4/lpc_chip_43xx/src/clock_18xx_43xx.o
                0x14000b44                Chip_Clock_Enable
 .text.Chip_Clock_GetRate
                0x14000ba4       0x88 ./dmix_lpc_m4/lpc_chip_43xx/src/clock_18xx_43xx.o
                0x14000ba4                Chip_Clock_GetRate
 .text.fpuInit  0x14000c2c       0x74 ./dmix_lpc_m4/lpc_chip_43xx/src/fpu_init.o
                0x14000c2c                fpuInit
 .text.Chip_GPIO_Init
                0x14000ca0       0x14 ./dmix_lpc_m4/lpc_chip_43xx/src/gpio_18xx_43xx.o
                0x14000ca0                Chip_GPIO_Init
 .text.Chip_RGU_TriggerReset
                0x14000cb4       0x3c ./dmix_lpc_m4/lpc_chip_43xx/src/rgu_18xx_43xx.o
                0x14000cb4                Chip_RGU_TriggerReset
 .text.Chip_RGU_ClearReset
                0x14000cf0       0x30 ./dmix_lpc_m4/lpc_chip_43xx/src/rgu_18xx_43xx.o
                0x14000cf0                Chip_RGU_ClearReset
 .text.Chip_SetupCoreClock
                0x14000d20       0xb4 ./dmix_lpc_m4/lpc_chip_43xx/src/sysinit_18xx_43xx.o
                0x14000d20                Chip_SetupCoreClock
 .text.Chip_UART_TXDisable
                0x14000dd4       0x18 ./dmix_lpc_m4/lpc_chip_43xx/src/uart_18xx_43xx.o
 .text.Chip_UART_SetupFIFOS
                0x14000dec       0x1c ./dmix_lpc_m4/lpc_chip_43xx/src/uart_18xx_43xx.o
 .text.Chip_UART_ConfigData
                0x14000e08       0x1c ./dmix_lpc_m4/lpc_chip_43xx/src/uart_18xx_43xx.o
 .text.Chip_UART_EnableDivisorAccess
                0x14000e24       0x20 ./dmix_lpc_m4/lpc_chip_43xx/src/uart_18xx_43xx.o
 .text.Chip_UART_DisableDivisorAccess
                0x14000e44       0x20 ./dmix_lpc_m4/lpc_chip_43xx/src/uart_18xx_43xx.o
 .text.Chip_UART_SetDivisorLatches
                0x14000e64       0x28 ./dmix_lpc_m4/lpc_chip_43xx/src/uart_18xx_43xx.o
 .text.Chip_UART_GetClockIndex
                0x14000e8c       0x50 ./dmix_lpc_m4/lpc_chip_43xx/src/uart_18xx_43xx.o
 .text.Chip_UART_Init
                0x14000edc       0x7c ./dmix_lpc_m4/lpc_chip_43xx/src/uart_18xx_43xx.o
                0x14000edc                Chip_UART_Init
 .text.Chip_UART_SetBaud
                0x14000f58       0x64 ./dmix_lpc_m4/lpc_chip_43xx/src/uart_18xx_43xx.o
                0x14000f58                Chip_UART_SetBaud
 .text.Chip_SCU_PinMuxSet
                0x14000fbc       0x30 ./dmix_lpc_m4/lpc_board_nxp_lpclink2_4370/src/board.o
 .text.Chip_GPIO_SetPinState
                0x14000fec       0x28 ./dmix_lpc_m4/lpc_board_nxp_lpclink2_4370/src/board.o
 .text.Chip_GPIO_SetPinDIROutput
                0x14001014       0x3c ./dmix_lpc_m4/lpc_board_nxp_lpclink2_4370/src/board.o
 .text.Chip_UART_TXEnable
                0x14001050       0x18 ./dmix_lpc_m4/lpc_board_nxp_lpclink2_4370/src/board.o
 .text.Chip_UART_ConfigData
                0x14001068       0x1c ./dmix_lpc_m4/lpc_board_nxp_lpclink2_4370/src/board.o
 .text.Board_UART_Init
                0x14001084       0x48 ./dmix_lpc_m4/lpc_board_nxp_lpclink2_4370/src/board.o
                0x14001084                Board_UART_Init
 .text.Board_Debug_Init
                0x140010cc       0x30 ./dmix_lpc_m4/lpc_board_nxp_lpclink2_4370/src/board.o
                0x140010cc                Board_Debug_Init
 .text.Board_LED_Init
                0x140010fc       0x20 ./dmix_lpc_m4/lpc_board_nxp_lpclink2_4370/src/board.o
 .text.Board_Init
                0x1400111c       0x18 ./dmix_lpc_m4/lpc_board_nxp_lpclink2_4370/src/board.o
                0x1400111c                Board_Init
 .text.Chip_SCU_PinMuxSet
                0x14001134       0x30 ./dmix_lpc_m4/lpc_board_nxp_lpclink2_4370/src/board_sysinit.o
 .text.Chip_SCU_SetPinMuxing
                0x14001164       0x4c ./dmix_lpc_m4/lpc_board_nxp_lpclink2_4370/src/board_sysinit.o
 .text.Board_SetupMuxing
                0x140011b0       0x20 ./dmix_lpc_m4/lpc_board_nxp_lpclink2_4370/src/board_sysinit.o
                0x140011b0                Board_SetupMuxing
 .text.Board_SetupClocking
                0x140011d0       0x98 ./dmix_lpc_m4/lpc_board_nxp_lpclink2_4370/src/board_sysinit.o
                0x140011d0                Board_SetupClocking
 .text.Board_SystemInit
                0x14001268       0x10 ./dmix_lpc_m4/lpc_board_nxp_lpclink2_4370/src/board_sysinit.o
                0x14001268                Board_SystemInit
 .text.ResetISR
                0x14001278       0xc8 ./dmix_lpc_m4/cr_startup_lpc43xx.o
                0x14001278                ResetISR
 .text.Chip_CREG_SetM0AppMemMap
                0x14001340       0x28 ./dmix_lpc_m4/dmix_lpc.o
 .text.BootM0App
                0x14001368       0x28 ./dmix_lpc_m4/dmix_lpc.o
                0x14001368                BootM0App
 .text.main     0x14001390       0x1c ./dmix_lpc_m4/dmix_lpc.o
                0x14001390                main
 .text.USB0_IRQHandler
                0x140013ac       0x20 ./dmix_lpc_m4/libusbdev.o
                0x140013ac                USB0_IRQHandler
 .text.SystemInit
                0x140013cc       0x28 ./dmix_lpc_m4/sysinit.o
                0x140013cc                SystemInit
 .text.__libc_init_array
                0x140013f4       0x50 c:/nxp/lpcxpresso_7.5.0_254/lpcxpresso/tools/bin/../lib/gcc/arm-none-eabi/4.8.4/../../../../arm-none-eabi/lib/armv7e-m/softfp\libc.a(lib_a-init.o)
                0x140013f4                __libc_init_array
 .text          0x14001444       0x54 c:/nxp/lpcxpresso_7.5.0_254/lpcxpresso/tools/bin/../lib/gcc/arm-none-eabi/4.8.4/armv7e-m/softfp\crtbegin.o
 *(.rodata .rodata.* .constdata .constdata.*)
 .rodata.periph_to_base
                0x14001498       0x6c ./dmix_lpc_m4/lpc_chip_43xx/src/clock_18xx_43xx.o
 .rodata        0x14001504        0xc ./dmix_lpc_m4/lpc_chip_43xx/src/clock_18xx_43xx.o
 .rodata.InitClkStates
                0x14001510       0x48 ./dmix_lpc_m4/lpc_chip_43xx/src/sysinit_18xx_43xx.o
 .rodata.ExtRateIn
                0x14001558        0x4 ./dmix_lpc_m4/lpc_board_nxp_lpclink2_4370/src/board.o
                0x14001558                ExtRateIn
 .rodata.OscRateIn
                0x1400155c        0x4 ./dmix_lpc_m4/lpc_board_nxp_lpclink2_4370/src/board.o
                0x1400155c                OscRateIn
 .rodata.InitClkStates
                0x14001560       0x10 ./dmix_lpc_m4/lpc_board_nxp_lpclink2_4370/src/board_sysinit.o
 .rodata.spifipinmuxing
                0x14001570       0x18 ./dmix_lpc_m4/lpc_board_nxp_lpclink2_4370/src/board_sysinit.o
 .rodata.pinmuxing
                0x14001588        0x4 ./dmix_lpc_m4/lpc_board_nxp_lpclink2_4370/src/board_sysinit.o
                0x1400158c                . = ALIGN (0x4)
                0x1400158c                . = ALIGN (0x4)
 *(.init)
 .init          0x1400158c        0x4 c:/nxp/lpcxpresso_7.5.0_254/lpcxpresso/tools/bin/../lib/gcc/arm-none-eabi/4.8.4/armv7e-m/softfp\crti.o
                0x1400158c                _init
 .init          0x14001590        0x8 c:/nxp/lpcxpresso_7.5.0_254/lpcxpresso/tools/bin/../lib/gcc/arm-none-eabi/4.8.4/armv7e-m/softfp\crtn.o
                0x14001598                . = ALIGN (0x4)
                0x14001598                __preinit_array_start = .
 *(.preinit_array)
                0x14001598                __preinit_array_end = .
                0x14001598                . = ALIGN (0x4)
                0x14001598                __init_array_start = .
 *(SORT(.init_array.*))
 *(.init_array)
 .init_array    0x14001598        0x4 c:/nxp/lpcxpresso_7.5.0_254/lpcxpresso/tools/bin/../lib/gcc/arm-none-eabi/4.8.4/armv7e-m/softfp\crtbegin.o
                0x1400159c                __init_array_end = .
 *(.fini)
 .fini          0x1400159c        0x4 c:/nxp/lpcxpresso_7.5.0_254/lpcxpresso/tools/bin/../lib/gcc/arm-none-eabi/4.8.4/armv7e-m/softfp\crti.o
                0x1400159c                _fini
 .fini          0x140015a0        0x8 c:/nxp/lpcxpresso_7.5.0_254/lpcxpresso/tools/bin/../lib/gcc/arm-none-eabi/4.8.4/armv7e-m/softfp\crtn.o
                0x140015a8                . = ALIGN (0x4)
 *crtbegin.o(.ctors)
 *(EXCLUDE_FILE(*crtend.o) .ctors)
 *(SORT(.ctors.*))
 *crtend.o(.ctors)
                0x140015a8                . = ALIGN (0x4)
 *crtbegin.o(.dtors)
 *(EXCLUDE_FILE(*crtend.o) .dtors)
 *(SORT(.dtors.*))
 *crtend.o(.dtors)
                0x140015a8                . = ALIGN (0x4)

.glue_7         0x140015a8        0x0
 .glue_7        0x00000000        0x0 linker stubs

.glue_7t        0x140015a8        0x0
 .glue_7t       0x00000000        0x0 linker stubs

.vfp11_veneer   0x140015a8        0x0
 .vfp11_veneer  0x00000000        0x0 linker stubs

.v4_bx          0x140015a8        0x0
 .v4_bx         0x00000000        0x0 linker stubs

.iplt           0x140015a8        0x0
 .iplt          0x00000000        0x0 ./dmix_lpc_m4/lpc_chip_43xx/src/adc_18xx_43xx.o

.rel.dyn        0x140015a8        0x0
 .rel.iplt      0x00000000        0x0 ./dmix_lpc_m4/lpc_chip_43xx/src/adc_18xx_43xx.o

.eh_frame       0x140015a8        0x0
 .eh_frame      0x140015a8        0x0 c:/nxp/lpcxpresso_7.5.0_254/lpcxpresso/tools/bin/../lib/gcc/arm-none-eabi/4.8.4/armv7e-m/softfp\crtbegin.o

.ARM.extab
 *(.ARM.extab* .gnu.linkonce.armextab.*)
                0x140015a8                __exidx_start = .

.ARM.exidx
 *(.ARM.exidx* .gnu.linkonce.armexidx.*)
                0x140015a8                __exidx_end = .
                0x140015a8                _etext = .

.data_RAM2      0x10080000        0x0 load address 0x140015a8
 FILL mask 0xff
 *(.ramfunc.$RAM2)
 *(.ramfunc.$RamLoc72)
 *(.data.$RAM2*)
 *(.data.$RamLoc72*)
                0x10080000                . = ALIGN (0x4)

.data_RAM3      0x18000000        0x0 load address 0x140015a8
 FILL mask 0xff
 *(.ramfunc.$RAM3)
 *(.ramfunc.$RamM0Sub16)
 *(.data.$RAM3*)
 *(.data.$RamM0Sub16*)
                0x18000000                . = ALIGN (0x4)

.data_RAM4      0x18004000        0x0 load address 0x140015a8
 FILL mask 0xff
 *(.ramfunc.$RAM4)
 *(.ramfunc.$RamM0Sub2)
 *(.data.$RAM4*)
 *(.data.$RamM0Sub2*)
                0x18004000                . = ALIGN (0x4)

.uninit_RESERVED
                0x10000000        0x0
 *(.bss.$RESERVED*)
                0x10000000                . = ALIGN (0x4)
                0x10000000                _end_uninit_RESERVED = .

.data           0x10000000        0x0 load address 0x140015a8
 FILL mask 0xff
                0x10000000                _data = .
 *(vtable)
 *(.ramfunc*)
 *(.data*)
                0x10000000                . = ALIGN (0x4)
                0x10000000                _edata = .

.igot.plt       0x10000000        0x0 load address 0x140015a8
 .igot.plt      0x00000000        0x0 ./dmix_lpc_m4/lpc_chip_43xx/src/adc_18xx_43xx.o

.jcr            0x10000000        0x0 load address 0x140015a8
 .jcr           0x10000000        0x0 c:/nxp/lpcxpresso_7.5.0_254/lpcxpresso/tools/bin/../lib/gcc/arm-none-eabi/4.8.4/armv7e-m/softfp\crtbegin.o

.bss_RAM2       0x10080000        0x0
 *(.bss.$RAM2*)
 *(.bss.$RamLoc72*)
                0x10080000                . = ALIGN (0x4)

.bss_RAM3       0x18000000        0x0
 *(.bss.$RAM3*)
 *(.bss.$RamM0Sub16*)
                0x18000000                . = ALIGN (0x4)

.bss_RAM4       0x18004000        0x0
 *(.bss.$RAM4*)
 *(.bss.$RamM0Sub2*)
                0x18004000                . = ALIGN (0x4)

.bss            0x10000000       0x4c
                0x10000000                _bss = .
 *(.bss*)
 .bss.audio_usb_pll_freq
                0x10000000        0x8 ./dmix_lpc_m4/lpc_chip_43xx/src/clock_18xx_43xx.o
 .bss           0x10000008       0x1c c:/nxp/lpcxpresso_7.5.0_254/lpcxpresso/tools/bin/../lib/gcc/arm-none-eabi/4.8.4/armv7e-m/softfp\crtbegin.o
 *(COMMON)
 COMMON         0x10000024        0x4 ./dmix_lpc_m4/lpc_chip_43xx/src/chip_18xx_43xx.o
                0x10000024                SystemCoreClock
 COMMON         0x10000028       0x24 ./dmix_lpc_m4/libusbdev.o
                0x10000028                g_lusb
                0x10000048                g_pUsbApi
                0x1000004c                . = ALIGN (0x4)
                0x1000004c                _ebss = .
                0x1000004c                PROVIDE (end, .)

.noinit_RAM2    0x10080000        0x0
 *(.noinit.$RAM2*)
 *(.noinit.$RamLoc72*)
                0x10080000                . = ALIGN (0x4)

.noinit_RAM3    0x18000000        0x0
 *(.noinit.$RAM3*)
 *(.noinit.$RamM0Sub16*)
                0x18000000                . = ALIGN (0x4)

.noinit_RAM4    0x18004000        0x0
 *(.noinit.$RAM4*)
 *(.noinit.$RamM0Sub2*)
                0x18004000                . = ALIGN (0x4)

.noinit         0x1000004c        0x0
                0x1000004c                _noinit = .
 *(.noinit*)
                0x1000004c                . = ALIGN (0x4)
                0x1000004c                _end_noinit = .
                0x1000004c                PROVIDE (_pvHeapStart, DEFINED (__user_heap_base)?__user_heap_base:.)
                0x10020000                PROVIDE (_vStackTop, DEFINED (__user_stack_top)?__user_stack_top:(__top_RamLoc128 - 0x0))
OUTPUT(dmix_lpc_m4.axf elf32-littlearm)

.debug_info     0x00000000     0x9555
 .debug_info    0x00000000      0xa43 ./dmix_lpc_m4/lpc_chip_43xx/src/chip_18xx_43xx.o
 .debug_info    0x00000a43     0x13cf ./dmix_lpc_m4/lpc_chip_43xx/src/clock_18xx_43xx.o
 .debug_info    0x00001e12      0x13e ./dmix_lpc_m4/lpc_chip_43xx/src/fpu_init.o
 .debug_info    0x00001f50      0x44c ./dmix_lpc_m4/lpc_chip_43xx/src/gpio_18xx_43xx.o
 .debug_info    0x0000239c      0x3ca ./dmix_lpc_m4/lpc_chip_43xx/src/rgu_18xx_43xx.o
 .debug_info    0x00002766      0x6f0 ./dmix_lpc_m4/lpc_chip_43xx/src/sysinit_18xx_43xx.o
 .debug_info    0x00002e56     0x109c ./dmix_lpc_m4/lpc_chip_43xx/src/uart_18xx_43xx.o
 .debug_info    0x00003ef2      0xfb0 ./dmix_lpc_m4/lpc_board_nxp_lpclink2_4370/src/board.o
 .debug_info    0x00004ea2      0xb67 ./dmix_lpc_m4/lpc_board_nxp_lpclink2_4370/src/board_sysinit.o
 .debug_info    0x00005a09      0x2b8 ./dmix_lpc_m4/cr_startup_lpc43xx.o
 .debug_info    0x00005cc1       0x3f ./dmix_lpc_m4/crp.o
 .debug_info    0x00005d00     0x109e ./dmix_lpc_m4/dmix_lpc.o
 .debug_info    0x00006d9e     0x26c9 ./dmix_lpc_m4/libusbdev.o
 .debug_info    0x00009467       0xee ./dmix_lpc_m4/sysinit.o

.debug_abbrev   0x00000000     0x15ee
 .debug_abbrev  0x00000000      0x148 ./dmix_lpc_m4/lpc_chip_43xx/src/chip_18xx_43xx.o
 .debug_abbrev  0x00000148      0x2a1 ./dmix_lpc_m4/lpc_chip_43xx/src/clock_18xx_43xx.o
 .debug_abbrev  0x000003e9       0x84 ./dmix_lpc_m4/lpc_chip_43xx/src/fpu_init.o
 .debug_abbrev  0x0000046d      0x111 ./dmix_lpc_m4/lpc_chip_43xx/src/gpio_18xx_43xx.o
 .debug_abbrev  0x0000057e      0x11a ./dmix_lpc_m4/lpc_chip_43xx/src/rgu_18xx_43xx.o
 .debug_abbrev  0x00000698      0x12d ./dmix_lpc_m4/lpc_chip_43xx/src/sysinit_18xx_43xx.o
 .debug_abbrev  0x000007c5      0x2ac ./dmix_lpc_m4/lpc_chip_43xx/src/uart_18xx_43xx.o
 .debug_abbrev  0x00000a71      0x2b0 ./dmix_lpc_m4/lpc_board_nxp_lpclink2_4370/src/board.o
 .debug_abbrev  0x00000d21      0x18d ./dmix_lpc_m4/lpc_board_nxp_lpclink2_4370/src/board_sysinit.o
 .debug_abbrev  0x00000eae       0xf0 ./dmix_lpc_m4/cr_startup_lpc43xx.o
 .debug_abbrev  0x00000f9e       0x36 ./dmix_lpc_m4/crp.o
 .debug_abbrev  0x00000fd4      0x229 ./dmix_lpc_m4/dmix_lpc.o
 .debug_abbrev  0x000011fd      0x355 ./dmix_lpc_m4/libusbdev.o
 .debug_abbrev  0x00001552       0x9c ./dmix_lpc_m4/sysinit.o

.debug_aranges  0x00000000      0x690
 .debug_aranges
                0x00000000       0x40 ./dmix_lpc_m4/lpc_chip_43xx/src/chip_18xx_43xx.o
 .debug_aranges
                0x00000040      0x128 ./dmix_lpc_m4/lpc_chip_43xx/src/clock_18xx_43xx.o
 .debug_aranges
                0x00000168       0x20 ./dmix_lpc_m4/lpc_chip_43xx/src/fpu_init.o
 .debug_aranges
                0x00000188       0x68 ./dmix_lpc_m4/lpc_chip_43xx/src/gpio_18xx_43xx.o
 .debug_aranges
                0x000001f0       0x30 ./dmix_lpc_m4/lpc_chip_43xx/src/rgu_18xx_43xx.o
 .debug_aranges
                0x00000220       0x38 ./dmix_lpc_m4/lpc_chip_43xx/src/sysinit_18xx_43xx.o
 .debug_aranges
                0x00000258      0x118 ./dmix_lpc_m4/lpc_chip_43xx/src/uart_18xx_43xx.o
 .debug_aranges
                0x00000370      0x118 ./dmix_lpc_m4/lpc_board_nxp_lpclink2_4370/src/board.o
 .debug_aranges
                0x00000488       0x40 ./dmix_lpc_m4/lpc_board_nxp_lpclink2_4370/src/board_sysinit.o
 .debug_aranges
                0x000004c8       0x80 ./dmix_lpc_m4/cr_startup_lpc43xx.o
 .debug_aranges
                0x00000548       0x18 ./dmix_lpc_m4/crp.o
 .debug_aranges
                0x00000560       0x60 ./dmix_lpc_m4/dmix_lpc.o
 .debug_aranges
                0x000005c0       0xb0 ./dmix_lpc_m4/libusbdev.o
 .debug_aranges
                0x00000670       0x20 ./dmix_lpc_m4/sysinit.o

.debug_ranges   0x00000000      0x5a8
 .debug_ranges  0x00000000       0x30 ./dmix_lpc_m4/lpc_chip_43xx/src/chip_18xx_43xx.o
 .debug_ranges  0x00000030      0x118 ./dmix_lpc_m4/lpc_chip_43xx/src/clock_18xx_43xx.o
 .debug_ranges  0x00000148       0x10 ./dmix_lpc_m4/lpc_chip_43xx/src/fpu_init.o
 .debug_ranges  0x00000158       0x58 ./dmix_lpc_m4/lpc_chip_43xx/src/gpio_18xx_43xx.o
 .debug_ranges  0x000001b0       0x20 ./dmix_lpc_m4/lpc_chip_43xx/src/rgu_18xx_43xx.o
 .debug_ranges  0x000001d0       0x28 ./dmix_lpc_m4/lpc_chip_43xx/src/sysinit_18xx_43xx.o
 .debug_ranges  0x000001f8      0x108 ./dmix_lpc_m4/lpc_chip_43xx/src/uart_18xx_43xx.o
 .debug_ranges  0x00000300      0x108 ./dmix_lpc_m4/lpc_board_nxp_lpclink2_4370/src/board.o
 .debug_ranges  0x00000408       0x30 ./dmix_lpc_m4/lpc_board_nxp_lpclink2_4370/src/board_sysinit.o
 .debug_ranges  0x00000438       0x70 ./dmix_lpc_m4/cr_startup_lpc43xx.o
 .debug_ranges  0x000004a8       0x50 ./dmix_lpc_m4/dmix_lpc.o
 .debug_ranges  0x000004f8       0xa0 ./dmix_lpc_m4/libusbdev.o
 .debug_ranges  0x00000598       0x10 ./dmix_lpc_m4/sysinit.o

.debug_macro    0x00000000     0x39f2
 .debug_macro   0x00000000      0x2d6 ./dmix_lpc_m4/lpc_chip_43xx/src/chip_18xx_43xx.o
 .debug_macro   0x000002d6      0x2dc ./dmix_lpc_m4/lpc_chip_43xx/src/clock_18xx_43xx.o
 .debug_macro   0x000005b2       0xc6 ./dmix_lpc_m4/lpc_chip_43xx/src/fpu_init.o
 .debug_macro   0x00000678      0x2d6 ./dmix_lpc_m4/lpc_chip_43xx/src/gpio_18xx_43xx.o
 .debug_macro   0x0000094e      0x2d6 ./dmix_lpc_m4/lpc_chip_43xx/src/rgu_18xx_43xx.o
 .debug_macro   0x00000c24      0x2d6 ./dmix_lpc_m4/lpc_chip_43xx/src/sysinit_18xx_43xx.o
 .debug_macro   0x00000efa      0x2d6 ./dmix_lpc_m4/lpc_chip_43xx/src/uart_18xx_43xx.o
 .debug_macro   0x000011d0      0x40b ./dmix_lpc_m4/lpc_board_nxp_lpclink2_4370/src/board.o
 .debug_macro   0x000015db       0x5e ./dmix_lpc_m4/lpc_board_nxp_lpclink2_4370/src/board.o
 .debug_macro   0x00001639       0x16 ./dmix_lpc_m4/lpc_board_nxp_lpclink2_4370/src/board.o
 .debug_macro   0x0000164f       0x97 ./dmix_lpc_m4/lpc_board_nxp_lpclink2_4370/src/board.o
 .debug_macro   0x000016e6       0x10 ./dmix_lpc_m4/lpc_board_nxp_lpclink2_4370/src/board.o
 .debug_macro   0x000016f6       0xef ./dmix_lpc_m4/lpc_board_nxp_lpclink2_4370/src/board.o
 .debug_macro   0x000017e5       0x10 ./dmix_lpc_m4/lpc_board_nxp_lpclink2_4370/src/board.o
 .debug_macro   0x000017f5       0x22 ./dmix_lpc_m4/lpc_board_nxp_lpclink2_4370/src/board.o
 .debug_macro   0x00001817       0xbd ./dmix_lpc_m4/lpc_board_nxp_lpclink2_4370/src/board.o
 .debug_macro   0x000018d4       0x16 ./dmix_lpc_m4/lpc_board_nxp_lpclink2_4370/src/board.o
 .debug_macro   0x000018ea      0x16c ./dmix_lpc_m4/lpc_board_nxp_lpclink2_4370/src/board.o
 .debug_macro   0x00001a56       0x20 ./dmix_lpc_m4/lpc_board_nxp_lpclink2_4370/src/board.o
 .debug_macro   0x00001a76       0x12 ./dmix_lpc_m4/lpc_board_nxp_lpclink2_4370/src/board.o
 .debug_macro   0x00001a88      0x3c1 ./dmix_lpc_m4/lpc_board_nxp_lpclink2_4370/src/board_sysinit.o
 .debug_macro   0x00001e49       0x1d ./dmix_lpc_m4/cr_startup_lpc43xx.o
 .debug_macro   0x00001e66       0x1a ./dmix_lpc_m4/crp.o
 .debug_macro   0x00001e80       0x34 ./dmix_lpc_m4/crp.o
 .debug_macro   0x00001eb4      0x4a8 ./dmix_lpc_m4/dmix_lpc.o
 .debug_macro   0x0000235c       0x11 ./dmix_lpc_m4/dmix_lpc.o
 .debug_macro   0x0000236d      0x266 ./dmix_lpc_m4/dmix_lpc.o
 .debug_macro   0x000025d3       0x76 ./dmix_lpc_m4/dmix_lpc.o
 .debug_macro   0x00002649       0x12 ./dmix_lpc_m4/dmix_lpc.o
 .debug_macro   0x0000265b       0xfa ./dmix_lpc_m4/dmix_lpc.o
 .debug_macro   0x00002755       0xee ./dmix_lpc_m4/dmix_lpc.o
 .debug_macro   0x00002843      0x69a ./dmix_lpc_m4/dmix_lpc.o
 .debug_macro   0x00002edd      0x272 ./dmix_lpc_m4/dmix_lpc.o
 .debug_macro   0x0000314f       0x10 ./dmix_lpc_m4/dmix_lpc.o
 .debug_macro   0x0000315f       0x26 ./dmix_lpc_m4/dmix_lpc.o
 .debug_macro   0x00003185      0x4ac ./dmix_lpc_m4/libusbdev.o
 .debug_macro   0x00003631      0x3c1 ./dmix_lpc_m4/sysinit.o

.debug_line     0x00000000     0x662d
 .debug_line    0x00000000      0x6fe ./dmix_lpc_m4/lpc_chip_43xx/src/chip_18xx_43xx.o
 .debug_line    0x000006fe      0xa08 ./dmix_lpc_m4/lpc_chip_43xx/src/clock_18xx_43xx.o
 .debug_line    0x00001106      0x2c2 ./dmix_lpc_m4/lpc_chip_43xx/src/fpu_init.o
 .debug_line    0x000013c8      0x74f ./dmix_lpc_m4/lpc_chip_43xx/src/gpio_18xx_43xx.o
 .debug_line    0x00001b17      0x6c2 ./dmix_lpc_m4/lpc_chip_43xx/src/rgu_18xx_43xx.o
 .debug_line    0x000021d9      0x6ed ./dmix_lpc_m4/lpc_chip_43xx/src/sysinit_18xx_43xx.o
 .debug_line    0x000028c6      0x9d9 ./dmix_lpc_m4/lpc_chip_43xx/src/uart_18xx_43xx.o
 .debug_line    0x0000329f      0xaee ./dmix_lpc_m4/lpc_board_nxp_lpclink2_4370/src/board.o
 .debug_line    0x00003d8d      0x83d ./dmix_lpc_m4/lpc_board_nxp_lpclink2_4370/src/board_sysinit.o
 .debug_line    0x000045ca      0x10b ./dmix_lpc_m4/cr_startup_lpc43xx.o
 .debug_line    0x000046d5       0x85 ./dmix_lpc_m4/crp.o
 .debug_line    0x0000475a      0xb12 ./dmix_lpc_m4/dmix_lpc.o
 .debug_line    0x0000526c      0xc44 ./dmix_lpc_m4/libusbdev.o
 .debug_line    0x00005eb0      0x77d ./dmix_lpc_m4/sysinit.o

.debug_str      0x00000000    0x1f0f4
 .debug_str     0x00000000    0x14b65 ./dmix_lpc_m4/lpc_chip_43xx/src/chip_18xx_43xx.o
                              0x14d79 (size before relaxing)
 .debug_str     0x00014b65      0x621 ./dmix_lpc_m4/lpc_chip_43xx/src/clock_18xx_43xx.o
                              0x152cc (size before relaxing)
 .debug_str     0x00015186       0xcf ./dmix_lpc_m4/lpc_chip_43xx/src/fpu_init.o
                               0x8c6e (size before relaxing)
 .debug_str     0x00015255      0x147 ./dmix_lpc_m4/lpc_chip_43xx/src/gpio_18xx_43xx.o
                              0x1417b (size before relaxing)
 .debug_str     0x0001539c      0x11a ./dmix_lpc_m4/lpc_chip_43xx/src/rgu_18xx_43xx.o
                              0x143f0 (size before relaxing)
 .debug_str     0x000154b6       0xcb ./dmix_lpc_m4/lpc_chip_43xx/src/sysinit_18xx_43xx.o
                              0x14c21 (size before relaxing)
 .debug_str     0x00015581      0x42a ./dmix_lpc_m4/lpc_chip_43xx/src/uart_18xx_43xx.o
                              0x14ea7 (size before relaxing)
 .debug_str     0x000159ab     0x3461 ./dmix_lpc_m4/lpc_board_nxp_lpclink2_4370/src/board.o
                              0x180c9 (size before relaxing)
 .debug_str     0x00018e0c       0xcb ./dmix_lpc_m4/lpc_board_nxp_lpclink2_4370/src/board_sysinit.o
                              0x170b6 (size before relaxing)
 .debug_str     0x00018ed7      0x420 ./dmix_lpc_m4/cr_startup_lpc43xx.o
                               0x272b (size before relaxing)
 .debug_str     0x000192f7       0xf1 ./dmix_lpc_m4/crp.o
                               0x259c (size before relaxing)
 .debug_str     0x000193e8     0x44a9 ./dmix_lpc_m4/dmix_lpc.o
                              0x1c21e (size before relaxing)
 .debug_str     0x0001d891     0x1840 ./dmix_lpc_m4/libusbdev.o
                              0x1d6d9 (size before relaxing)
 .debug_str     0x0001f0d1       0x23 ./dmix_lpc_m4/sysinit.o
                              0x162d7 (size before relaxing)

.comment        0x00000000       0x70
 .comment       0x00000000       0x70 ./dmix_lpc_m4/lpc_chip_43xx/src/chip_18xx_43xx.o
                                 0x71 (size before relaxing)
 .comment       0x00000000       0x71 ./dmix_lpc_m4/lpc_chip_43xx/src/clock_18xx_43xx.o
 .comment       0x00000000       0x71 ./dmix_lpc_m4/lpc_chip_43xx/src/fpu_init.o
 .comment       0x00000000       0x71 ./dmix_lpc_m4/lpc_chip_43xx/src/gpio_18xx_43xx.o
 .comment       0x00000000       0x71 ./dmix_lpc_m4/lpc_chip_43xx/src/rgu_18xx_43xx.o
 .comment       0x00000000       0x71 ./dmix_lpc_m4/lpc_chip_43xx/src/sysinit_18xx_43xx.o
 .comment       0x00000000       0x71 ./dmix_lpc_m4/lpc_chip_43xx/src/uart_18xx_43xx.o
 .comment       0x00000000       0x71 ./dmix_lpc_m4/lpc_board_nxp_lpclink2_4370/src/board.o
 .comment       0x00000000       0x71 ./dmix_lpc_m4/lpc_board_nxp_lpclink2_4370/src/board_sysinit.o
 .comment       0x00000000       0x71 ./dmix_lpc_m4/cr_startup_lpc43xx.o
 .comment       0x00000000       0x71 ./dmix_lpc_m4/crp.o
 .comment       0x00000000       0x71 ./dmix_lpc_m4/dmix_lpc.o
 .comment       0x00000000       0x71 ./dmix_lpc_m4/libusbdev.o
 .comment       0x00000000       0x71 ./dmix_lpc_m4/sysinit.o

.ARM.attributes
                0x00000000       0x35
 .ARM.attributes
                0x00000000       0x37 ./dmix_lpc_m4/lpc_chip_43xx/src/chip_18xx_43xx.o
 .ARM.attributes
                0x00000037       0x37 ./dmix_lpc_m4/lpc_chip_43xx/src/clock_18xx_43xx.o
 .ARM.attributes
                0x0000006e       0x37 ./dmix_lpc_m4/lpc_chip_43xx/src/fpu_init.o
 .ARM.attributes
                0x000000a5       0x37 ./dmix_lpc_m4/lpc_chip_43xx/src/gpio_18xx_43xx.o
 .ARM.attributes
                0x000000dc       0x37 ./dmix_lpc_m4/lpc_chip_43xx/src/rgu_18xx_43xx.o
 .ARM.attributes
                0x00000113       0x37 ./dmix_lpc_m4/lpc_chip_43xx/src/sysinit_18xx_43xx.o
 .ARM.attributes
                0x0000014a       0x37 ./dmix_lpc_m4/lpc_chip_43xx/src/uart_18xx_43xx.o
 .ARM.attributes
                0x00000181       0x37 ./dmix_lpc_m4/lpc_board_nxp_lpclink2_4370/src/board.o
 .ARM.attributes
                0x000001b8       0x37 ./dmix_lpc_m4/lpc_board_nxp_lpclink2_4370/src/board_sysinit.o
 .ARM.attributes
                0x000001ef       0x37 ./dmix_lpc_m4/cr_startup_lpc43xx.o
 .ARM.attributes
                0x00000226       0x37 ./dmix_lpc_m4/crp.o
 .ARM.attributes
                0x0000025d       0x37 ./dmix_lpc_m4/dmix_lpc.o
 .ARM.attributes
                0x00000294       0x37 ./dmix_lpc_m4/libusbdev.o
 .ARM.attributes
                0x000002cb       0x37 ./dmix_lpc_m4/sysinit.o
 .ARM.attributes
                0x00000302       0x32 c:/nxp/lpcxpresso_7.5.0_254/lpcxpresso/tools/bin/../lib/gcc/arm-none-eabi/4.8.4/../../../../arm-none-eabi/lib/armv7e-m/softfp\libc.a(lib_a-init.o)
 .ARM.attributes
                0x00000334       0x22 c:/nxp/lpcxpresso_7.5.0_254/lpcxpresso/tools/bin/../lib/gcc/arm-none-eabi/4.8.4/armv7e-m/softfp\crti.o
 .ARM.attributes
                0x00000356       0x22 c:/nxp/lpcxpresso_7.5.0_254/lpcxpresso/tools/bin/../lib/gcc/arm-none-eabi/4.8.4/armv7e-m/softfp\crtn.o
 .ARM.attributes
                0x00000378       0x32 c:/nxp/lpcxpresso_7.5.0_254/lpcxpresso/tools/bin/../lib/gcc/arm-none-eabi/4.8.4/armv7e-m/softfp\crtbegin.o

.debug_frame    0x00000000     0x13dc
 .debug_frame   0x00000000       0x98 ./dmix_lpc_m4/lpc_chip_43xx/src/chip_18xx_43xx.o
 .debug_frame   0x00000098      0x3cc ./dmix_lpc_m4/lpc_chip_43xx/src/clock_18xx_43xx.o
 .debug_frame   0x00000464       0x2c ./dmix_lpc_m4/lpc_chip_43xx/src/fpu_init.o
 .debug_frame   0x00000490      0x130 ./dmix_lpc_m4/lpc_chip_43xx/src/gpio_18xx_43xx.o
 .debug_frame   0x000005c0       0x64 ./dmix_lpc_m4/lpc_chip_43xx/src/rgu_18xx_43xx.o
 .debug_frame   0x00000624       0x84 ./dmix_lpc_m4/lpc_chip_43xx/src/sysinit_18xx_43xx.o
 .debug_frame   0x000006a8      0x3d4 ./dmix_lpc_m4/lpc_chip_43xx/src/uart_18xx_43xx.o
 .debug_frame   0x00000a7c      0x3ac ./dmix_lpc_m4/lpc_board_nxp_lpclink2_4370/src/board.o
 .debug_frame   0x00000e28       0xa4 ./dmix_lpc_m4/lpc_board_nxp_lpclink2_4370/src/board_sysinit.o
 .debug_frame   0x00000ecc      0x158 ./dmix_lpc_m4/cr_startup_lpc43xx.o
 .debug_frame   0x00001024      0x110 ./dmix_lpc_m4/dmix_lpc.o
 .debug_frame   0x00001134      0x24c ./dmix_lpc_m4/libusbdev.o
 .debug_frame   0x00001380       0x30 ./dmix_lpc_m4/sysinit.o
 .debug_frame   0x000013b0       0x2c c:/nxp/lpcxpresso_7.5.0_254/lpcxpresso/tools/bin/../lib/gcc/arm-none-eabi/4.8.4/../../../../arm-none-eabi/lib/armv7e-m/softfp\libc.a(lib_a-init.o)
