Archive member included because of file (symbol)

c:/nxp/lpcxpresso_7.5.0_254/lpcxpresso/tools/bin/../lib/gcc/arm-none-eabi/4.8.4/armv6-m\libgcc.a(_udivsi3.o)
                              ./dmix_lpc_m0/lpc_chip_43xx_m0/src/adc_18xx_43xx.o (__aeabi_uidiv)
c:/nxp/lpcxpresso_7.5.0_254/lpcxpresso/tools/bin/../lib/gcc/arm-none-eabi/4.8.4/armv6-m\libgcc.a(_dvmd_tls.o)
                              c:/nxp/lpcxpresso_7.5.0_254/lpcxpresso/tools/bin/../lib/gcc/arm-none-eabi/4.8.4/armv6-m\libgcc.a(_udivsi3.o) (__aeabi_idiv0)
c:/nxp/lpcxpresso_7.5.0_254/lpcxpresso/tools/bin/../lib/gcc/arm-none-eabi/4.8.4/armv6-m\libgcc.a(_aeabi_uldivmod.o)
                              ./dmix_lpc_m0/lpc_chip_43xx_m0/src/i2s_18xx_43xx.o (__aeabi_uldivmod)
c:/nxp/lpcxpresso_7.5.0_254/lpcxpresso/tools/bin/../lib/gcc/arm-none-eabi/4.8.4/armv6-m\libgcc.a(_muldi3.o)
                              ./dmix_lpc_m0/lpc_chip_43xx_m0/src/i2s_18xx_43xx.o (__aeabi_lmul)
c:/nxp/lpcxpresso_7.5.0_254/lpcxpresso/tools/bin/../lib/gcc/arm-none-eabi/4.8.4/armv6-m\libgcc.a(bpabi.o)
                              c:/nxp/lpcxpresso_7.5.0_254/lpcxpresso/tools/bin/../lib/gcc/arm-none-eabi/4.8.4/armv6-m\libgcc.a(_aeabi_uldivmod.o) (__gnu_uldivmod_helper)
c:/nxp/lpcxpresso_7.5.0_254/lpcxpresso/tools/bin/../lib/gcc/arm-none-eabi/4.8.4/armv6-m\libgcc.a(_divdi3.o)
                              c:/nxp/lpcxpresso_7.5.0_254/lpcxpresso/tools/bin/../lib/gcc/arm-none-eabi/4.8.4/armv6-m\libgcc.a(bpabi.o) (__divdi3)
c:/nxp/lpcxpresso_7.5.0_254/lpcxpresso/tools/bin/../lib/gcc/arm-none-eabi/4.8.4/armv6-m\libgcc.a(_udivdi3.o)
                              c:/nxp/lpcxpresso_7.5.0_254/lpcxpresso/tools/bin/../lib/gcc/arm-none-eabi/4.8.4/armv6-m\libgcc.a(bpabi.o) (__udivdi3)
c:/nxp/lpcxpresso_7.5.0_254/lpcxpresso/tools/bin/../lib/gcc/arm-none-eabi/4.8.4/armv6-m\libgcc.a(_clzsi2.o)
                              c:/nxp/lpcxpresso_7.5.0_254/lpcxpresso/tools/bin/../lib/gcc/arm-none-eabi/4.8.4/armv6-m\libgcc.a(_divdi3.o) (__clzsi2)
c:/nxp/lpcxpresso_7.5.0_254/lpcxpresso/tools/bin/../lib/gcc/arm-none-eabi/4.8.4/../../../../arm-none-eabi/lib/armv6-m\libc.a(lib_a-init.o)
                              ./dmix_lpc_m0/cr_startup_lpc43xx-m0app.o (__libc_init_array)
c:/nxp/lpcxpresso_7.5.0_254/lpcxpresso/tools/bin/../lib/gcc/arm-none-eabi/4.8.4/../../../../arm-none-eabi/lib/armv6-m\libc.a(lib_a-malloc.o)
                              ./dmix_lpc_m0/cr_cpp_config.o (malloc)
c:/nxp/lpcxpresso_7.5.0_254/lpcxpresso/tools/bin/../lib/gcc/arm-none-eabi/4.8.4/../../../../arm-none-eabi/lib/armv6-m\libc.a(lib_a-mallocr.o)
                              c:/nxp/lpcxpresso_7.5.0_254/lpcxpresso/tools/bin/../lib/gcc/arm-none-eabi/4.8.4/../../../../arm-none-eabi/lib/armv6-m\libc.a(lib_a-malloc.o) (_malloc_r)
c:/nxp/lpcxpresso_7.5.0_254/lpcxpresso/tools/bin/../lib/gcc/arm-none-eabi/4.8.4/../../../../arm-none-eabi/lib/armv6-m\libc.a(lib_a-memcpy-stub.o)
                              ./dmix_lpc_m0/lpc_chip_43xx_m0/src/clock_18xx_43xx.o (memcpy)
c:/nxp/lpcxpresso_7.5.0_254/lpcxpresso/tools/bin/../lib/gcc/arm-none-eabi/4.8.4/../../../../arm-none-eabi/lib/armv6-m\libc.a(lib_a-mlock.o)
                              c:/nxp/lpcxpresso_7.5.0_254/lpcxpresso/tools/bin/../lib/gcc/arm-none-eabi/4.8.4/../../../../arm-none-eabi/lib/armv6-m\libc.a(lib_a-mallocr.o) (__malloc_lock)
c:/nxp/lpcxpresso_7.5.0_254/lpcxpresso/tools/bin/../lib/gcc/arm-none-eabi/4.8.4/../../../../arm-none-eabi/lib/armv6-m\libc.a(lib_a-sbrkr.o)
                              c:/nxp/lpcxpresso_7.5.0_254/lpcxpresso/tools/bin/../lib/gcc/arm-none-eabi/4.8.4/../../../../arm-none-eabi/lib/armv6-m\libc.a(lib_a-mallocr.o) (_sbrk_r)
c:/nxp/lpcxpresso_7.5.0_254/lpcxpresso/tools/bin/../lib/gcc/arm-none-eabi/4.8.4/../../../../arm-none-eabi/lib/armv6-m\libc.a(lib_a-freer.o)
                              c:/nxp/lpcxpresso_7.5.0_254/lpcxpresso/tools/bin/../lib/gcc/arm-none-eabi/4.8.4/../../../../arm-none-eabi/lib/armv6-m\libc.a(lib_a-malloc.o) (_free_r)
c:/nxp/lpcxpresso_7.5.0_254/lpcxpresso/tools/bin/../lib/gcc/arm-none-eabi/4.8.4/../../../../arm-none-eabi/lib/armv6-m\libc.a(lib_a-impure.o)
                              c:/nxp/lpcxpresso_7.5.0_254/lpcxpresso/tools/bin/../lib/gcc/arm-none-eabi/4.8.4/../../../../arm-none-eabi/lib/armv6-m\libc.a(lib_a-malloc.o) (_impure_ptr)
c:/nxp/lpcxpresso_7.5.0_254/lpcxpresso/tools/bin/../lib/gcc/arm-none-eabi/4.8.4/../../../../arm-none-eabi/lib/armv6-m\libc.a(lib_a-reent.o)
                              c:/nxp/lpcxpresso_7.5.0_254/lpcxpresso/tools/bin/../lib/gcc/arm-none-eabi/4.8.4/../../../../arm-none-eabi/lib/armv6-m\libc.a(lib_a-sbrkr.o) (errno)
c:/nxp/lpcxpresso_7.5.0_254/lpcxpresso/tools/bin/../lib/gcc/arm-none-eabi/4.8.4/../../../../arm-none-eabi/lib/armv6-m\libcr_newlib_nohost.a(_cr_sbrk.o)
                              c:/nxp/lpcxpresso_7.5.0_254/lpcxpresso/tools/bin/../lib/gcc/arm-none-eabi/4.8.4/../../../../arm-none-eabi/lib/armv6-m\libc.a(lib_a-sbrkr.o) (_sbrk)
[...]
Memory Configuration

Name             Origin             Length             Attributes
Flash_1MB        0x14080000         0x00080000         xr
RamLoc128        0x10000000         0x00020000         xrw
RamLoc72         0x10080000         0x00012000         xrw
RamM0Sub16       0x18000000         0x00004000         xrw
RamM0Sub2        0x18004000         0x00000800         xrw
*default*        0x00000000         0xffffffff

Linker script and memory map

LOAD ./dmix_lpc_m0/lpc_chip_43xx_m0/src/adc_18xx_43xx.o
LOAD ./dmix_lpc_m0/lpc_chip_43xx_m0/src/aes_18xx_43xx.o
LOAD ./dmix_lpc_m0/lpc_chip_43xx_m0/src/atimer_18xx_43xx.o
LOAD ./dmix_lpc_m0/lpc_chip_43xx_m0/src/ccan_18xx_43xx.o
LOAD ./dmix_lpc_m0/lpc_chip_43xx_m0/src/chip_18xx_43xx.o
LOAD ./dmix_lpc_m0/lpc_chip_43xx_m0/src/clock_18xx_43xx.o
LOAD ./dmix_lpc_m0/lpc_chip_43xx_m0/src/dac_18xx_43xx.o
LOAD ./dmix_lpc_m0/lpc_chip_43xx_m0/src/eeprom_18xx_43xx.o
LOAD ./dmix_lpc_m0/lpc_chip_43xx_m0/src/emc_18xx_43xx.o
LOAD ./dmix_lpc_m0/lpc_chip_43xx_m0/src/enet_18xx_43xx.o
LOAD ./dmix_lpc_m0/lpc_chip_43xx_m0/src/evrt_18xx_43xx.o
LOAD ./dmix_lpc_m0/lpc_chip_43xx_m0/src/gpdma_18xx_43xx.o
LOAD ./dmix_lpc_m0/lpc_chip_43xx_m0/src/gpio_18xx_43xx.o
LOAD ./dmix_lpc_m0/lpc_chip_43xx_m0/src/gpiogroup_18xx_43xx.o
LOAD ./dmix_lpc_m0/lpc_chip_43xx_m0/src/hsadc_18xx_43xx.o
LOAD ./dmix_lpc_m0/lpc_chip_43xx_m0/src/i2c_18xx_43xx.o
LOAD ./dmix_lpc_m0/lpc_chip_43xx_m0/src/i2cm_18xx_43xx.o
LOAD ./dmix_lpc_m0/lpc_chip_43xx_m0/src/i2s_18xx_43xx.o
LOAD ./dmix_lpc_m0/lpc_chip_43xx_m0/src/iap_18xx_43xx.o
LOAD ./dmix_lpc_m0/lpc_chip_43xx_m0/src/lcd_18xx_43xx.o
LOAD ./dmix_lpc_m0/lpc_chip_43xx_m0/src/otp_18xx_43xx.o
LOAD ./dmix_lpc_m0/lpc_chip_43xx_m0/src/pinint_18xx_43xx.o
LOAD ./dmix_lpc_m0/lpc_chip_43xx_m0/src/pmc_18xx_43xx.o
LOAD ./dmix_lpc_m0/lpc_chip_43xx_m0/src/rgu_18xx_43xx.o
LOAD ./dmix_lpc_m0/lpc_chip_43xx_m0/src/ring_buffer.o
LOAD ./dmix_lpc_m0/lpc_chip_43xx_m0/src/ritimer_18xx_43xx.o
LOAD ./dmix_lpc_m0/lpc_chip_43xx_m0/src/rtc_18xx_43xx.o
LOAD ./dmix_lpc_m0/lpc_chip_43xx_m0/src/sct_18xx_43xx.o
LOAD ./dmix_lpc_m0/lpc_chip_43xx_m0/src/sct_pwm_18xx_43xx.o
LOAD ./dmix_lpc_m0/lpc_chip_43xx_m0/src/scu_18xx_43xx.o
LOAD ./dmix_lpc_m0/lpc_chip_43xx_m0/src/sdif_18xx_43xx.o
LOAD ./dmix_lpc_m0/lpc_chip_43xx_m0/src/sdmmc_18xx_43xx.o
LOAD ./dmix_lpc_m0/lpc_chip_43xx_m0/src/spi_18xx_43xx.o
LOAD ./dmix_lpc_m0/lpc_chip_43xx_m0/src/ssp_18xx_43xx.o
LOAD ./dmix_lpc_m0/lpc_chip_43xx_m0/src/stopwatch_18xx_43xx.o
LOAD ./dmix_lpc_m0/lpc_chip_43xx_m0/src/sysinit_18xx_43xx.o
LOAD ./dmix_lpc_m0/lpc_chip_43xx_m0/src/timer_18xx_43xx.o
LOAD ./dmix_lpc_m0/lpc_chip_43xx_m0/src/uart_18xx_43xx.o
LOAD ./dmix_lpc_m0/lpc_chip_43xx_m0/src/wwdt_18xx_43xx.o
LOAD ./dmix_lpc_m0/lpc_board_nxp_lpclink2_4370_m0/src/board.o
LOAD ./dmix_lpc_m0/lpc_board_nxp_lpclink2_4370_m0/src/board_sysinit.o
LOAD ./dmix_lpc_m0/cr_cpp_config.o
LOAD ./dmix_lpc_m0/cr_startup_lpc43xx-m0app.o
LOAD ./dmix_lpc_m0/dmix_lpc_m0.o
LOAD ./dmix_lpc_m0/sysinit.o
START GROUP
LOAD c:/nxp/lpcxpresso_7.5.0_254/lpcxpresso/tools/bin/../lib/gcc/arm-none-eabi/4.8.4/armv6-m\libgcc.a
LOAD c:/nxp/lpcxpresso_7.5.0_254/lpcxpresso/tools/bin/../lib/gcc/arm-none-eabi/4.8.4/../../../../arm-none-eabi/lib/armv6-m\libc.a
LOAD c:/nxp/lpcxpresso_7.5.0_254/lpcxpresso/tools/bin/../lib/gcc/arm-none-eabi/4.8.4/../../../../arm-none-eabi/lib/armv6-m\libstdc++.a
LOAD c:/nxp/lpcxpresso_7.5.0_254/lpcxpresso/tools/bin/../lib/gcc/arm-none-eabi/4.8.4/../../../../arm-none-eabi/lib/armv6-m\libm.a
LOAD c:/nxp/lpcxpresso_7.5.0_254/lpcxpresso/tools/bin/../lib/gcc/arm-none-eabi/4.8.4/../../../../arm-none-eabi/lib/armv6-m\libcr_newlib_nohost.a
LOAD c:/nxp/lpcxpresso_7.5.0_254/lpcxpresso/tools/bin/../lib/gcc/arm-none-eabi/4.8.4/armv6-m\crti.o
LOAD c:/nxp/lpcxpresso_7.5.0_254/lpcxpresso/tools/bin/../lib/gcc/arm-none-eabi/4.8.4/armv6-m\crtn.o
LOAD c:/nxp/lpcxpresso_7.5.0_254/lpcxpresso/tools/bin/../lib/gcc/arm-none-eabi/4.8.4/armv6-m\crtbegin.o
LOAD c:/nxp/lpcxpresso_7.5.0_254/lpcxpresso/tools/bin/../lib/gcc/arm-none-eabi/4.8.4/armv6-m\crtend.o
END GROUP
                0x14100000                __top_Flash_1MB = 0x14100000
                0x10020000                __top_RamLoc128 = 0x10020000
                0x10092000                __top_RamLoc72 = 0x10092000
                0x18004000                __top_RamM0Sub16 = 0x18004000
                0x18004800                __top_RamM0Sub2 = 0x18004800

.text           0x14080000      0xef0
 FILL mask 0xff
                0x14080000                __vectors_start__ = ABSOLUTE (.)
 *(.isr_vector)
 .isr_vector    0x14080000       0xc0 ./dmix_lpc_m0/cr_startup_lpc43xx-m0app.o
                0x14080000                g_pfnVectors
                0x140800c0                . = ALIGN (0x4)
                0x140800c0                __section_table_start = .
                0x140800c0                __data_section_table = .
                0x140800c0        0x4 LONG 0x14080ef0 LOADADDR (.data)
                0x140800c4        0x4 LONG 0x10000000 ADDR (.data)
                0x140800c8        0x4 LONG 0x0 SIZEOF (.data)
                0x140800cc        0x4 LONG 0x14080ef0 LOADADDR (.data_RAM2)
                0x140800d0        0x4 LONG 0x10080000 ADDR (.data_RAM2)
                0x140800d4        0x4 LONG 0x0 SIZEOF (.data_RAM2)
                0x140800d8        0x4 LONG 0x14080ef0 LOADADDR (.data_RAM3)
                0x140800dc        0x4 LONG 0x18000000 ADDR (.data_RAM3)
                0x140800e0        0x4 LONG 0x0 SIZEOF (.data_RAM3)
                0x140800e4        0x4 LONG 0x14080ef0 LOADADDR (.data_RAM4)
                0x140800e8        0x4 LONG 0x18004000 ADDR (.data_RAM4)
                0x140800ec        0x4 LONG 0x0 SIZEOF (.data_RAM4)
                0x140800f0                __data_section_table_end = .
                0x140800f0                __bss_section_table = .
                0x140800f0        0x4 LONG 0x10000000 ADDR (.bss)
                0x140800f4        0x4 LONG 0x30 SIZEOF (.bss)
                0x140800f8        0x4 LONG 0x10080000 ADDR (.bss_RAM2)
                0x140800fc        0x4 LONG 0x0 SIZEOF (.bss_RAM2)
                0x14080100        0x4 LONG 0x18000000 ADDR (.bss_RAM3)
                0x14080104        0x4 LONG 0x0 SIZEOF (.bss_RAM3)
                0x14080108        0x4 LONG 0x18004000 ADDR (.bss_RAM4)
                0x1408010c        0x4 LONG 0x0 SIZEOF (.bss_RAM4)
                0x14080110                __bss_section_table_end = .
                0x14080110                __section_table_end = .
 *(.after_vectors*)
 .after_vectors
                0x14080110       0x9c ./dmix_lpc_m0/cr_startup_lpc43xx-m0app.o
                0x14080110                data_init(unsigned int, unsigned int, unsigned int)
                0x14080150                bss_init(unsigned int, unsigned int)
                0x14080184                NMI_Handler
                0x1408018c                HardFault_Handler
                0x14080194                SVC_Handler
                0x1408019c                PendSV_Handler
                0x140801a4                SDIO_IRQHandler
                0x140801a4                UART1_IRQHandler
                0x140801a4                USB1_IRQHandler
                0x140801a4                I2S0_IRQHandler
                0x140801a4                TIMER3_IRQHandler
                0x140801a4                UART0_IRQHandler
                0x140801a4                SGPIO_IRQHandler
                0x140801a4                SPIFI_ADCHS_IRQHandler
                0x140801a4                IntDefaultHandler
                0x140801a4                SSP0_IRQHandler
                0x140801a4                ADC1_IRQHandler
                0x140801a4                FLASHEEPROM_IRQHandler
                0x140801a4                RTC_IRQHandler
                0x140801a4                TIMER0_IRQHandler
                0x140801a4                SPI_IRQHandler
                0x140801a4                LCD_IRQHandler
                0x140801a4                UART2_IRQHandler
                0x140801a4                I2C0_IRQHandler
                0x140801a4                USB0_IRQHandler
                0x140801a4                SCT_IRQHandler
                0x140801a4                ADC0_IRQHandler
                0x140801a4                MX_CORE_IRQHandler
                0x140801a4                RIT_IRQHandler
                0x140801a4                ETH_IRQHandler
                0x140801a4                CAN0_IRQHandler
                0x140801a4                M0SUB_IRQHandler
                0x140801a4                DMA_IRQHandler
                0x140801a4                EVRT_IRQHandler
                0x140801a4                UART3_IRQHandler
                0x140801a4                MCPWM_IRQHandler
                0x140801a4                GINT1_IRQHandler
                0x140801a4                GPIO4_IRQHandler
 *(.text*)
 .text.SystemCoreClockUpdate
                0x140801ac       0x18 ./dmix_lpc_m0/lpc_chip_43xx_m0/src/chip_18xx_43xx.o
                0x140801ac                SystemCoreClockUpdate
 .text.Chip_Clock_GetDivRate
                0x140801c4       0x58 ./dmix_lpc_m0/lpc_chip_43xx_m0/src/clock_18xx_43xx.o
 .text.Chip_Clock_FindBaseClock
                0x1408021c       0xa8 ./dmix_lpc_m0/lpc_chip_43xx_m0/src/clock_18xx_43xx.o
 .text.Chip_Clock_GetMainPLLHz
                0x140802c4       0xd4 ./dmix_lpc_m0/lpc_chip_43xx_m0/src/clock_18xx_43xx.o
                0x140802c4                Chip_Clock_GetMainPLLHz
 .text.Chip_Clock_GetDividerSource
                0x14080398       0x40 ./dmix_lpc_m0/lpc_chip_43xx_m0/src/clock_18xx_43xx.o
                0x14080398                Chip_Clock_GetDividerSource
 .text.Chip_Clock_GetDividerDivisor
                0x140803d8       0x38 ./dmix_lpc_m0/lpc_chip_43xx_m0/src/clock_18xx_43xx.o
                0x140803d8                Chip_Clock_GetDividerDivisor
 .text.Chip_Clock_GetClockInputHz
                0x14080410      0x11c ./dmix_lpc_m0/lpc_chip_43xx_m0/src/clock_18xx_43xx.o
                0x14080410                Chip_Clock_GetClockInputHz
 .text.Chip_Clock_GetBaseClocktHz
                0x1408052c       0x28 ./dmix_lpc_m0/lpc_chip_43xx_m0/src/clock_18xx_43xx.o
                0x1408052c                Chip_Clock_GetBaseClocktHz
 .text.Chip_Clock_GetBaseClock
                0x14080554       0x4c ./dmix_lpc_m0/lpc_chip_43xx_m0/src/clock_18xx_43xx.o
                0x14080554                Chip_Clock_GetBaseClock
 .text.Chip_Clock_EnableOpts
                0x140805a0       0x84 ./dmix_lpc_m0/lpc_chip_43xx_m0/src/clock_18xx_43xx.o
                0x140805a0                Chip_Clock_EnableOpts
 .text.Chip_Clock_GetRate
                0x14080624       0x9c ./dmix_lpc_m0/lpc_chip_43xx_m0/src/clock_18xx_43xx.o
                0x14080624                Chip_Clock_GetRate
 .text.Chip_GPIO_Init
                0x140806c0       0x10 ./dmix_lpc_m0/lpc_chip_43xx_m0/src/gpio_18xx_43xx.o
                0x140806c0                Chip_GPIO_Init
 .text.Chip_UART_TXDisable
                0x140806d0       0x14 ./dmix_lpc_m0/lpc_chip_43xx_m0/src/uart_18xx_43xx.o
 .text.Chip_UART_SetupFIFOS
                0x140806e4       0x18 ./dmix_lpc_m0/lpc_chip_43xx_m0/src/uart_18xx_43xx.o
 .text.Chip_UART_ConfigData
                0x140806fc       0x18 ./dmix_lpc_m0/lpc_chip_43xx_m0/src/uart_18xx_43xx.o
 .text.Chip_UART_EnableDivisorAccess
                0x14080714       0x1c ./dmix_lpc_m0/lpc_chip_43xx_m0/src/uart_18xx_43xx.o
 .text.Chip_UART_DisableDivisorAccess
                0x14080730       0x20 ./dmix_lpc_m0/lpc_chip_43xx_m0/src/uart_18xx_43xx.o
 .text.Chip_UART_SetDivisorLatches
                0x14080750       0x28 ./dmix_lpc_m0/lpc_chip_43xx_m0/src/uart_18xx_43xx.o
 .text.Chip_UART_GetClockIndex
                0x14080778       0x60 ./dmix_lpc_m0/lpc_chip_43xx_m0/src/uart_18xx_43xx.o
 .text.Chip_UART_Init
                0x140807d8       0x84 ./dmix_lpc_m0/lpc_chip_43xx_m0/src/uart_18xx_43xx.o
                0x140807d8                Chip_UART_Init
 .text.Chip_UART_SetBaud
                0x1408085c       0x74 ./dmix_lpc_m0/lpc_chip_43xx_m0/src/uart_18xx_43xx.o
                0x1408085c                Chip_UART_SetBaud
 .text.Chip_SCU_PinMuxSet
                0x140808d0       0x34 ./dmix_lpc_m0/lpc_board_nxp_lpclink2_4370_m0/src/board.o
 .text.Chip_GPIO_SetPinState
                0x14080904       0x34 ./dmix_lpc_m0/lpc_board_nxp_lpclink2_4370_m0/src/board.o
 .text.Chip_GPIO_SetPinDIROutput
                0x14080938       0x44 ./dmix_lpc_m0/lpc_board_nxp_lpclink2_4370_m0/src/board.o
 .text.Chip_UART_TXEnable
                0x1408097c       0x14 ./dmix_lpc_m0/lpc_board_nxp_lpclink2_4370_m0/src/board.o
 .text.Chip_UART_ConfigData
                0x14080990       0x18 ./dmix_lpc_m0/lpc_board_nxp_lpclink2_4370_m0/src/board.o
 .text.Board_UART_Init
                0x140809a8       0x48 ./dmix_lpc_m0/lpc_board_nxp_lpclink2_4370_m0/src/board.o
                0x140809a8                Board_UART_Init
 .text.Board_Debug_Init
                0x140809f0       0x3c ./dmix_lpc_m0/lpc_board_nxp_lpclink2_4370_m0/src/board.o
                0x140809f0                Board_Debug_Init
 .text.Board_LED_Init
                0x14080a2c       0x28 ./dmix_lpc_m0/lpc_board_nxp_lpclink2_4370_m0/src/board.o
 .text.Board_Init
                0x14080a54       0x1c ./dmix_lpc_m0/lpc_board_nxp_lpclink2_4370_m0/src/board.o
                0x14080a54                Board_Init
 .text.ResetISR
                0x14080a70       0x94 ./dmix_lpc_m0/cr_startup_lpc43xx-m0app.o
                0x14080a70                ResetISR
 .text.Chip_GPIO_SetPinDIROutput
                0x14080b04       0x44 ./dmix_lpc_m0/dmix_lpc_m0.o
 .text.Chip_GPIO_SetValue
                0x14080b48       0x2c ./dmix_lpc_m0/dmix_lpc_m0.o
 .text.Chip_GPIO_ClearValue
                0x14080b74       0x2c ./dmix_lpc_m0/dmix_lpc_m0.o
 .text._Z5delayv
                0x14080ba0       0x3c ./dmix_lpc_m0/dmix_lpc_m0.o
                0x14080ba0                delay()
 .text.main     0x14080bdc       0x64 ./dmix_lpc_m0/dmix_lpc_m0.o
                0x14080bdc                main
 .text          0x14080c40       0x9c c:/nxp/lpcxpresso_7.5.0_254/lpcxpresso/tools/bin/../lib/gcc/arm-none-eabi/4.8.4/armv6-m\libgcc.a(_udivsi3.o)
                0x14080c40                __aeabi_uidiv
                0x14080c40                __udivsi3
                0x14080cc8                __aeabi_uidivmod
 .text          0x14080cdc        0x4 c:/nxp/lpcxpresso_7.5.0_254/lpcxpresso/tools/bin/../lib/gcc/arm-none-eabi/4.8.4/armv6-m\libgcc.a(_dvmd_tls.o)
                0x14080cdc                __aeabi_idiv0
                0x14080cdc                __aeabi_ldiv0
 .text.__libc_init_array
                0x14080ce0       0x48 c:/nxp/lpcxpresso_7.5.0_254/lpcxpresso/tools/bin/../lib/gcc/arm-none-eabi/4.8.4/../../../../arm-none-eabi/lib/armv6-m\libc.a(lib_a-init.o)
                0x14080ce0                __libc_init_array
 .text.memcpy   0x14080d28       0x84 c:/nxp/lpcxpresso_7.5.0_254/lpcxpresso/tools/bin/../lib/gcc/arm-none-eabi/4.8.4/../../../../arm-none-eabi/lib/armv6-m\libc.a(lib_a-memcpy-stub.o)
                0x14080d28                memcpy
 .text          0x14080dac       0x60 c:/nxp/lpcxpresso_7.5.0_254/lpcxpresso/tools/bin/../lib/gcc/arm-none-eabi/4.8.4/armv6-m\crtbegin.o
 *(.rodata .rodata.* .constdata .constdata.*)
 .rodata.periph_to_base
                0x14080e0c       0x6c ./dmix_lpc_m0/lpc_chip_43xx_m0/src/clock_18xx_43xx.o
 .rodata        0x14080e78        0xc ./dmix_lpc_m0/lpc_chip_43xx_m0/src/clock_18xx_43xx.o
 .rodata.Chip_Clock_GetClockInputHz
                0x14080e84       0x48 ./dmix_lpc_m0/lpc_chip_43xx_m0/src/clock_18xx_43xx.o
 .rodata.ExtRateIn
                0x14080ecc        0x4 ./dmix_lpc_m0/lpc_board_nxp_lpclink2_4370_m0/src/board.o
                0x14080ecc                ExtRateIn
 .rodata.OscRateIn
                0x14080ed0        0x4 ./dmix_lpc_m0/lpc_board_nxp_lpclink2_4370_m0/src/board.o
                0x14080ed0                OscRateIn
                0x14080ed4                . = ALIGN (0x4)
                0x14080ed4                . = ALIGN (0x4)
 *(.init)
 .init          0x14080ed4        0x4 c:/nxp/lpcxpresso_7.5.0_254/lpcxpresso/tools/bin/../lib/gcc/arm-none-eabi/4.8.4/armv6-m\crti.o
                0x14080ed4                _init
 .init          0x14080ed8        0x8 c:/nxp/lpcxpresso_7.5.0_254/lpcxpresso/tools/bin/../lib/gcc/arm-none-eabi/4.8.4/armv6-m\crtn.o
                0x14080ee0                . = ALIGN (0x4)
                0x14080ee0                __preinit_array_start = .
 *(.preinit_array)
                0x14080ee0                __preinit_array_end = .
                0x14080ee0                . = ALIGN (0x4)
                0x14080ee0                __init_array_start = .
 *(SORT(.init_array.*))
 *(.init_array)
 .init_array    0x14080ee0        0x4 c:/nxp/lpcxpresso_7.5.0_254/lpcxpresso/tools/bin/../lib/gcc/arm-none-eabi/4.8.4/armv6-m\crtbegin.o
                0x14080ee4                __init_array_end = .
 *(.fini)
 .fini          0x14080ee4        0x4 c:/nxp/lpcxpresso_7.5.0_254/lpcxpresso/tools/bin/../lib/gcc/arm-none-eabi/4.8.4/armv6-m\crti.o
                0x14080ee4                _fini
 .fini          0x14080ee8        0x8 c:/nxp/lpcxpresso_7.5.0_254/lpcxpresso/tools/bin/../lib/gcc/arm-none-eabi/4.8.4/armv6-m\crtn.o
                0x14080ef0                . = ALIGN (0x4)
 *crtbegin.o(.ctors)
 *(EXCLUDE_FILE(*crtend.o) .ctors)
 *(SORT(.ctors.*))
 *crtend.o(.ctors)
                0x14080ef0                . = ALIGN (0x4)
 *crtbegin.o(.dtors)
 *(EXCLUDE_FILE(*crtend.o) .dtors)
 *(SORT(.dtors.*))
 *crtend.o(.dtors)
                0x14080ef0                . = ALIGN (0x4)

.glue_7         0x14080ef0        0x0
 .glue_7        0x00000000        0x0 linker stubs

.glue_7t        0x14080ef0        0x0
 .glue_7t       0x00000000        0x0 linker stubs

.vfp11_veneer   0x14080ef0        0x0
 .vfp11_veneer  0x00000000        0x0 linker stubs

.v4_bx          0x14080ef0        0x0
 .v4_bx         0x00000000        0x0 linker stubs

.iplt           0x14080ef0        0x0
 .iplt          0x00000000        0x0 ./dmix_lpc_m0/lpc_chip_43xx_m0/src/adc_18xx_43xx.o

.rel.dyn        0x14080ef0        0x0
 .rel.iplt      0x00000000        0x0 ./dmix_lpc_m0/lpc_chip_43xx_m0/src/adc_18xx_43xx.o

.eh_frame       0x14080ef0        0x0
 .eh_frame      0x14080ef0        0x0 c:/nxp/lpcxpresso_7.5.0_254/lpcxpresso/tools/bin/../lib/gcc/arm-none-eabi/4.8.4/armv6-m\crtbegin.o

.ARM.extab
 *(.ARM.extab* .gnu.linkonce.armextab.*)
                0x14080ef0                __exidx_start = .

.ARM.exidx
 *(.ARM.exidx* .gnu.linkonce.armexidx.*)
                0x14080ef0                __exidx_end = .
                0x14080ef0                _etext = .

.data_RAM2      0x10080000        0x0 load address 0x14080ef0
 FILL mask 0xff
 *(.ramfunc.$RAM2)
 *(.ramfunc.$RamLoc72)
 *(.data.$RAM2*)
 *(.data.$RamLoc72*)
                0x10080000                . = ALIGN (0x4)

.data_RAM3      0x18000000        0x0 load address 0x14080ef0
 FILL mask 0xff
 *(.ramfunc.$RAM3)
 *(.ramfunc.$RamM0Sub16)
 *(.data.$RAM3*)
 *(.data.$RamM0Sub16*)
                0x18000000                . = ALIGN (0x4)

.data_RAM4      0x18004000        0x0 load address 0x14080ef0
 FILL mask 0xff
 *(.ramfunc.$RAM4)
 *(.ramfunc.$RamM0Sub2)
 *(.data.$RAM4*)
 *(.data.$RamM0Sub2*)
                0x18004000                . = ALIGN (0x4)

.uninit_RESERVED
                0x10000000        0x0
 *(.bss.$RESERVED*)
                0x10000000                . = ALIGN (0x4)
                0x10000000                _end_uninit_RESERVED = .

.data           0x10000000        0x0 load address 0x14080ef0
 FILL mask 0xff
                0x10000000                _data = .
 *(vtable)
 *(.ramfunc*)
 *(.data*)
                0x10000000                . = ALIGN (0x4)
                0x10000000                _edata = .

.igot.plt       0x10000000        0x0 load address 0x14080ef0
 .igot.plt      0x00000000        0x0 ./dmix_lpc_m0/lpc_chip_43xx_m0/src/adc_18xx_43xx.o

.jcr            0x10000000        0x0 load address 0x14080ef0
 .jcr           0x10000000        0x0 c:/nxp/lpcxpresso_7.5.0_254/lpcxpresso/tools/bin/../lib/gcc/arm-none-eabi/4.8.4/armv6-m\crtbegin.o

.bss_RAM2       0x10080000        0x0
 *(.bss.$RAM2*)
 *(.bss.$RamLoc72*)
                0x10080000                . = ALIGN (0x4)

.bss_RAM3       0x18000000        0x0
 *(.bss.$RAM3*)
 *(.bss.$RamM0Sub16*)
                0x18000000                . = ALIGN (0x4)

.bss_RAM4       0x18004000        0x0
 *(.bss.$RAM4*)
 *(.bss.$RamM0Sub2*)
                0x18004000                . = ALIGN (0x4)

.bss            0x10000000       0x30
                0x10000000                _bss = .
 *(.bss*)
 .bss.audio_usb_pll_freq
                0x10000000        0x8 ./dmix_lpc_m0/lpc_chip_43xx_m0/src/clock_18xx_43xx.o
 .bss._ZL1y     0x10000008        0x4 ./dmix_lpc_m0/dmix_lpc_m0.o
 .bss._ZZ4mainE1i
                0x1000000c        0x4 ./dmix_lpc_m0/dmix_lpc_m0.o
 .bss           0x10000010       0x1c c:/nxp/lpcxpresso_7.5.0_254/lpcxpresso/tools/bin/../lib/gcc/arm-none-eabi/4.8.4/armv6-m\crtbegin.o
 *(COMMON)
 COMMON         0x1000002c        0x4 ./dmix_lpc_m0/lpc_chip_43xx_m0/src/chip_18xx_43xx.o
                0x1000002c                SystemCoreClock
                0x10000030                . = ALIGN (0x4)
                0x10000030                _ebss = .
                0x10000030                PROVIDE (end, .)

.noinit_RAM2    0x10080000        0x0
 *(.noinit.$RAM2*)
 *(.noinit.$RamLoc72*)
                0x10080000                . = ALIGN (0x4)

.noinit_RAM3    0x18000000        0x0
 *(.noinit.$RAM3*)
 *(.noinit.$RamM0Sub16*)
                0x18000000                . = ALIGN (0x4)

.noinit_RAM4    0x18004000        0x0
 *(.noinit.$RAM4*)
 *(.noinit.$RamM0Sub2*)
                0x18004000                . = ALIGN (0x4)

.noinit         0x10000030        0x0
                0x10000030                _noinit = .
 *(.noinit*)
                0x10000030                . = ALIGN (0x4)
                0x10000030                _end_noinit = .
                0x10000030                PROVIDE (_pvHeapStart, DEFINED (__user_heap_base)?__user_heap_base:.)
                0x10020000                PROVIDE (_vStackTop, DEFINED (__user_stack_top)?__user_stack_top:(__top_RamLoc128 - 0x0))
OUTPUT(dmix_lpc_m0.axf elf32-littlearm)

.debug_info     0x00000000     0x5044
 .debug_info    0x00000000      0xa1c ./dmix_lpc_m0/lpc_chip_43xx_m0/src/chip_18xx_43xx.o
 .debug_info    0x00000a1c     0x13a8 ./dmix_lpc_m0/lpc_chip_43xx_m0/src/clock_18xx_43xx.o
 .debug_info    0x00001dc4      0x421 ./dmix_lpc_m0/lpc_chip_43xx_m0/src/gpio_18xx_43xx.o
 .debug_info    0x000021e5     0x1074 ./dmix_lpc_m0/lpc_chip_43xx_m0/src/uart_18xx_43xx.o
 .debug_info    0x00003259      0xf89 ./dmix_lpc_m0/lpc_board_nxp_lpclink2_4370_m0/src/board.o
 .debug_info    0x000041e2      0x235 ./dmix_lpc_m0/cr_startup_lpc43xx-m0app.o
 .debug_info    0x00004417      0xc2d ./dmix_lpc_m0/dmix_lpc_m0.o

.debug_abbrev   0x00000000      0xc6f
 .debug_abbrev  0x00000000      0x137 ./dmix_lpc_m0/lpc_chip_43xx_m0/src/chip_18xx_43xx.o
 .debug_abbrev  0x00000137      0x290 ./dmix_lpc_m0/lpc_chip_43xx_m0/src/clock_18xx_43xx.o
 .debug_abbrev  0x000003c7      0x118 ./dmix_lpc_m0/lpc_chip_43xx_m0/src/gpio_18xx_43xx.o
 .debug_abbrev  0x000004df      0x29b ./dmix_lpc_m0/lpc_chip_43xx_m0/src/uart_18xx_43xx.o
 .debug_abbrev  0x0000077a      0x29f ./dmix_lpc_m0/lpc_board_nxp_lpclink2_4370_m0/src/board.o
 .debug_abbrev  0x00000a19       0xe9 ./dmix_lpc_m0/cr_startup_lpc43xx-m0app.o
 .debug_abbrev  0x00000b02      0x16d ./dmix_lpc_m0/dmix_lpc_m0.o

.debug_aranges  0x00000000      0x498
 .debug_aranges
                0x00000000       0x40 ./dmix_lpc_m0/lpc_chip_43xx_m0/src/chip_18xx_43xx.o
 .debug_aranges
                0x00000040      0x128 ./dmix_lpc_m0/lpc_chip_43xx_m0/src/clock_18xx_43xx.o
 .debug_aranges
                0x00000168       0x68 ./dmix_lpc_m0/lpc_chip_43xx_m0/src/gpio_18xx_43xx.o
 .debug_aranges
                0x000001d0      0x118 ./dmix_lpc_m0/lpc_chip_43xx_m0/src/uart_18xx_43xx.o
 .debug_aranges
                0x000002e8      0x118 ./dmix_lpc_m0/lpc_board_nxp_lpclink2_4370_m0/src/board.o
 .debug_aranges
                0x00000400       0x58 ./dmix_lpc_m0/cr_startup_lpc43xx-m0app.o
 .debug_aranges
                0x00000458       0x40 ./dmix_lpc_m0/dmix_lpc_m0.o

.debug_ranges   0x00000000      0x428
 .debug_ranges  0x00000000       0x30 ./dmix_lpc_m0/lpc_chip_43xx_m0/src/chip_18xx_43xx.o
 .debug_ranges  0x00000030      0x118 ./dmix_lpc_m0/lpc_chip_43xx_m0/src/clock_18xx_43xx.o
 .debug_ranges  0x00000148       0x58 ./dmix_lpc_m0/lpc_chip_43xx_m0/src/gpio_18xx_43xx.o
 .debug_ranges  0x000001a0      0x108 ./dmix_lpc_m0/lpc_chip_43xx_m0/src/uart_18xx_43xx.o
 .debug_ranges  0x000002a8      0x108 ./dmix_lpc_m0/lpc_board_nxp_lpclink2_4370_m0/src/board.o
 .debug_ranges  0x000003b0       0x48 ./dmix_lpc_m0/cr_startup_lpc43xx-m0app.o
 .debug_ranges  0x000003f8       0x30 ./dmix_lpc_m0/dmix_lpc_m0.o

.debug_macro    0x00000000     0x1beb
 .debug_macro   0x00000000      0x2c0 ./dmix_lpc_m0/lpc_chip_43xx_m0/src/chip_18xx_43xx.o
 .debug_macro   0x000002c0      0x2c6 ./dmix_lpc_m0/lpc_chip_43xx_m0/src/clock_18xx_43xx.o
 .debug_macro   0x00000586      0x2c0 ./dmix_lpc_m0/lpc_chip_43xx_m0/src/gpio_18xx_43xx.o
 .debug_macro   0x00000846      0x2c0 ./dmix_lpc_m0/lpc_chip_43xx_m0/src/uart_18xx_43xx.o
 .debug_macro   0x00000b06      0x3f5 ./dmix_lpc_m0/lpc_board_nxp_lpclink2_4370_m0/src/board.o
 .debug_macro   0x00000efb       0x5e ./dmix_lpc_m0/lpc_board_nxp_lpclink2_4370_m0/src/board.o
 .debug_macro   0x00000f59       0x16 ./dmix_lpc_m0/lpc_board_nxp_lpclink2_4370_m0/src/board.o
 .debug_macro   0x00000f6f       0x97 ./dmix_lpc_m0/lpc_board_nxp_lpclink2_4370_m0/src/board.o
 .debug_macro   0x00001006       0x10 ./dmix_lpc_m0/lpc_board_nxp_lpclink2_4370_m0/src/board.o
 .debug_macro   0x00001016       0xef ./dmix_lpc_m0/lpc_board_nxp_lpclink2_4370_m0/src/board.o
 .debug_macro   0x00001105       0x10 ./dmix_lpc_m0/lpc_board_nxp_lpclink2_4370_m0/src/board.o
 .debug_macro   0x00001115       0x22 ./dmix_lpc_m0/lpc_board_nxp_lpclink2_4370_m0/src/board.o
 .debug_macro   0x00001137       0xbd ./dmix_lpc_m0/lpc_board_nxp_lpclink2_4370_m0/src/board.o
 .debug_macro   0x000011f4       0x16 ./dmix_lpc_m0/lpc_board_nxp_lpclink2_4370_m0/src/board.o
 .debug_macro   0x0000120a      0x16c ./dmix_lpc_m0/lpc_board_nxp_lpclink2_4370_m0/src/board.o
 .debug_macro   0x00001376       0x20 ./dmix_lpc_m0/lpc_board_nxp_lpclink2_4370_m0/src/board.o
 .debug_macro   0x00001396       0x12 ./dmix_lpc_m0/lpc_board_nxp_lpclink2_4370_m0/src/board.o
 .debug_macro   0x000013a8       0x1d ./dmix_lpc_m0/cr_startup_lpc43xx-m0app.o
 .debug_macro   0x000013c5      0x3b4 ./dmix_lpc_m0/dmix_lpc_m0.o
 .debug_macro   0x00001779       0x28 ./dmix_lpc_m0/dmix_lpc_m0.o
 .debug_macro   0x000017a1      0x242 ./dmix_lpc_m0/dmix_lpc_m0.o
 .debug_macro   0x000019e3       0x97 ./dmix_lpc_m0/dmix_lpc_m0.o
 .debug_macro   0x00001a7a       0xef ./dmix_lpc_m0/dmix_lpc_m0.o
 .debug_macro   0x00001b69       0x82 ./dmix_lpc_m0/dmix_lpc_m0.o

.debug_line     0x00000000     0x3813
 .debug_line    0x00000000      0x74d ./dmix_lpc_m0/lpc_chip_43xx_m0/src/chip_18xx_43xx.o
 .debug_line    0x0000074d      0xa59 ./dmix_lpc_m0/lpc_chip_43xx_m0/src/clock_18xx_43xx.o
 .debug_line    0x000011a6      0x7a2 ./dmix_lpc_m0/lpc_chip_43xx_m0/src/gpio_18xx_43xx.o
 .debug_line    0x00001948      0xa28 ./dmix_lpc_m0/lpc_chip_43xx_m0/src/uart_18xx_43xx.o
 .debug_line    0x00002370      0xb40 ./dmix_lpc_m0/lpc_board_nxp_lpclink2_4370_m0/src/board.o
 .debug_line    0x00002eb0       0xe0 ./dmix_lpc_m0/cr_startup_lpc43xx-m0app.o
 .debug_line    0x00002f90      0x883 ./dmix_lpc_m0/dmix_lpc_m0.o

.debug_str      0x00000000    0x1528d
 .debug_str     0x00000000     0xff33 ./dmix_lpc_m0/lpc_chip_43xx_m0/src/chip_18xx_43xx.o
                              0x1014c (size before relaxing)
 .debug_str     0x0000ff33      0x624 ./dmix_lpc_m0/lpc_chip_43xx_m0/src/clock_18xx_43xx.o
                              0x1069f (size before relaxing)
 .debug_str     0x00010557      0x14c ./dmix_lpc_m0/lpc_chip_43xx_m0/src/gpio_18xx_43xx.o
                               0xf54e (size before relaxing)
 .debug_str     0x000106a3      0x428 ./dmix_lpc_m0/lpc_chip_43xx_m0/src/uart_18xx_43xx.o
                              0x1027a (size before relaxing)
 .debug_str     0x00010acb     0x3464 ./dmix_lpc_m0/lpc_board_nxp_lpclink2_4370_m0/src/board.o
                              0x1349c (size before relaxing)
 .debug_str     0x00013f2f      0x37e ./dmix_lpc_m0/cr_startup_lpc43xx-m0app.o
                               0x252a (size before relaxing)
 .debug_str     0x000142ad      0xfe0 ./dmix_lpc_m0/dmix_lpc_m0.o
                              0x1316c (size before relaxing)

.comment        0x00000000       0x70
 .comment       0x00000000       0x70 ./dmix_lpc_m0/lpc_chip_43xx_m0/src/chip_18xx_43xx.o
                                 0x71 (size before relaxing)
 .comment       0x00000000       0x71 ./dmix_lpc_m0/lpc_chip_43xx_m0/src/clock_18xx_43xx.o
 .comment       0x00000000       0x71 ./dmix_lpc_m0/lpc_chip_43xx_m0/src/gpio_18xx_43xx.o
 .comment       0x00000000       0x71 ./dmix_lpc_m0/lpc_chip_43xx_m0/src/uart_18xx_43xx.o
 .comment       0x00000000       0x71 ./dmix_lpc_m0/lpc_board_nxp_lpclink2_4370_m0/src/board.o
 .comment       0x00000000       0x71 ./dmix_lpc_m0/cr_startup_lpc43xx-m0app.o
 .comment       0x00000000       0x71 ./dmix_lpc_m0/dmix_lpc_m0.o

.ARM.attributes
                0x00000000       0x31
 .ARM.attributes
                0x00000000       0x31 ./dmix_lpc_m0/lpc_chip_43xx_m0/src/chip_18xx_43xx.o
 .ARM.attributes
                0x00000031       0x31 ./dmix_lpc_m0/lpc_chip_43xx_m0/src/clock_18xx_43xx.o
 .ARM.attributes
                0x00000062       0x31 ./dmix_lpc_m0/lpc_chip_43xx_m0/src/gpio_18xx_43xx.o
 .ARM.attributes
                0x00000093       0x31 ./dmix_lpc_m0/lpc_chip_43xx_m0/src/uart_18xx_43xx.o
 .ARM.attributes
                0x000000c4       0x31 ./dmix_lpc_m0/lpc_board_nxp_lpclink2_4370_m0/src/board.o
 .ARM.attributes
                0x000000f5       0x31 ./dmix_lpc_m0/cr_startup_lpc43xx-m0app.o
 .ARM.attributes
                0x00000126       0x31 ./dmix_lpc_m0/dmix_lpc_m0.o
 .ARM.attributes
                0x00000157       0x1e c:/nxp/lpcxpresso_7.5.0_254/lpcxpresso/tools/bin/../lib/gcc/arm-none-eabi/4.8.4/armv6-m\libgcc.a(_udivsi3.o)
 .ARM.attributes
                0x00000175       0x1e c:/nxp/lpcxpresso_7.5.0_254/lpcxpresso/tools/bin/../lib/gcc/arm-none-eabi/4.8.4/armv6-m\libgcc.a(_dvmd_tls.o)
 .ARM.attributes
                0x00000193       0x2c c:/nxp/lpcxpresso_7.5.0_254/lpcxpresso/tools/bin/../lib/gcc/arm-none-eabi/4.8.4/../../../../arm-none-eabi/lib/armv6-m\libc.a(lib_a-init.o)
 .ARM.attributes
                0x000001bf       0x2c c:/nxp/lpcxpresso_7.5.0_254/lpcxpresso/tools/bin/../lib/gcc/arm-none-eabi/4.8.4/../../../../arm-none-eabi/lib/armv6-m\libc.a(lib_a-memcpy-stub.o)
 .ARM.attributes
                0x000001eb       0x1e c:/nxp/lpcxpresso_7.5.0_254/lpcxpresso/tools/bin/../lib/gcc/arm-none-eabi/4.8.4/armv6-m\crti.o
 .ARM.attributes
                0x00000209       0x1e c:/nxp/lpcxpresso_7.5.0_254/lpcxpresso/tools/bin/../lib/gcc/arm-none-eabi/4.8.4/armv6-m\crtn.o
 .ARM.attributes
                0x00000227       0x2c c:/nxp/lpcxpresso_7.5.0_254/lpcxpresso/tools/bin/../lib/gcc/arm-none-eabi/4.8.4/armv6-m\crtbegin.o

.debug_frame    0x00000000     0x1044
 .debug_frame   0x00000000       0x9c ./dmix_lpc_m0/lpc_chip_43xx_m0/src/chip_18xx_43xx.o
 .debug_frame   0x0000009c      0x434 ./dmix_lpc_m0/lpc_chip_43xx_m0/src/clock_18xx_43xx.o
 .debug_frame   0x000004d0      0x150 ./dmix_lpc_m0/lpc_chip_43xx_m0/src/gpio_18xx_43xx.o
 .debug_frame   0x00000620      0x414 ./dmix_lpc_m0/lpc_chip_43xx_m0/src/uart_18xx_43xx.o
 .debug_frame   0x00000a34      0x3ec ./dmix_lpc_m0/lpc_board_nxp_lpclink2_4370_m0/src/board.o
 .debug_frame   0x00000e20       0xfc ./dmix_lpc_m0/cr_startup_lpc43xx-m0app.o
 .debug_frame   0x00000f1c       0xac ./dmix_lpc_m0/dmix_lpc_m0.o
 .debug_frame   0x00000fc8       0x20 c:/nxp/lpcxpresso_7.5.0_254/lpcxpresso/tools/bin/../lib/gcc/arm-none-eabi/4.8.4/armv6-m\libgcc.a(_udivsi3.o)
 .debug_frame   0x00000fe8       0x2c c:/nxp/lpcxpresso_7.5.0_254/lpcxpresso/tools/bin/../lib/gcc/arm-none-eabi/4.8.4/../../../../arm-none-eabi/lib/armv6-m\libc.a(lib_a-init.o)
 .debug_frame   0x00001014       0x30 c:/nxp/lpcxpresso_7.5.0_254/lpcxpresso/tools/bin/../lib/gcc/arm-none-eabi/4.8.4/../../../../arm-none-eabi/lib/armv6-m\libc.a(lib_a-memcpy-stub.o)
